Archive member included to satisfy reference by file (symbol)

c:/program files (x86)/atmel/studio/7.0/toolchain/arm/arm-gnu-toolchain/bin/../lib/gcc/arm-none-eabi/6.3.1/thumb/v7e-m\libgcc.a(_arm_addsubdf3.o)
                              src/main.o (__aeabi_i2d)
c:/program files (x86)/atmel/studio/7.0/toolchain/arm/arm-gnu-toolchain/bin/../lib/gcc/arm-none-eabi/6.3.1/thumb/v7e-m\libgcc.a(_arm_muldivdf3.o)
                              src/main.o (__aeabi_dmul)
c:/program files (x86)/atmel/studio/7.0/toolchain/arm/arm-gnu-toolchain/bin/../lib/gcc/arm-none-eabi/6.3.1/thumb/v7e-m\libgcc.a(_arm_cmpdf2.o)
                              src/main.o (__aeabi_dcmpeq)
c:/program files (x86)/atmel/studio/7.0/toolchain/arm/arm-gnu-toolchain/bin/../lib/gcc/arm-none-eabi/6.3.1/thumb/v7e-m\libgcc.a(_arm_fixdfsi.o)
                              src/main.o (__aeabi_d2iz)
c:/program files (x86)/atmel/studio/7.0/toolchain/arm/arm-gnu-toolchain/bin/../lib/gcc/arm-none-eabi/6.3.1/thumb/v7e-m\libgcc.a(_aeabi_uldivmod.o)
                              src/main.o (__aeabi_uldivmod)
c:/program files (x86)/atmel/studio/7.0/toolchain/arm/arm-gnu-toolchain/bin/../lib/gcc/arm-none-eabi/6.3.1/thumb/v7e-m\libgcc.a(_fixunsdfdi.o)
                              src/main.o (__aeabi_d2ulz)
c:/program files (x86)/atmel/studio/7.0/toolchain/arm/arm-gnu-toolchain/bin/../lib/gcc/arm-none-eabi/6.3.1/thumb/v7e-m\libgcc.a(_udivmoddi4.o)
                              c:/program files (x86)/atmel/studio/7.0/toolchain/arm/arm-gnu-toolchain/bin/../lib/gcc/arm-none-eabi/6.3.1/thumb/v7e-m\libgcc.a(_aeabi_uldivmod.o) (__udivmoddi4)
c:/program files (x86)/atmel/studio/7.0/toolchain/arm/arm-gnu-toolchain/bin/../lib/gcc/arm-none-eabi/6.3.1/thumb/v7e-m\libgcc.a(_dvmd_tls.o)
                              c:/program files (x86)/atmel/studio/7.0/toolchain/arm/arm-gnu-toolchain/bin/../lib/gcc/arm-none-eabi/6.3.1/thumb/v7e-m\libgcc.a(_aeabi_uldivmod.o) (__aeabi_ldiv0)
c:/program files (x86)/atmel/studio/7.0/toolchain/arm/arm-gnu-toolchain/bin/../lib/gcc/arm-none-eabi/6.3.1/thumb/v7e-m\libgcc.a(_arm_fixunsdfsi.o)
                              c:/program files (x86)/atmel/studio/7.0/toolchain/arm/arm-gnu-toolchain/bin/../lib/gcc/arm-none-eabi/6.3.1/thumb/v7e-m\libgcc.a(_fixunsdfdi.o) (__aeabi_d2uiz)
c:/program files (x86)/atmel/studio/7.0/toolchain/arm/arm-gnu-toolchain/bin/../lib/gcc/arm-none-eabi/6.3.1/../../../../arm-none-eabi/lib/thumb/v7e-m\libc.a(lib_a-exit.o)
                              c:/program files (x86)/atmel/studio/7.0/toolchain/arm/arm-gnu-toolchain/bin/../lib/gcc/arm-none-eabi/6.3.1/../../../../arm-none-eabi/lib/thumb/v7e-m/crt0.o (exit)
c:/program files (x86)/atmel/studio/7.0/toolchain/arm/arm-gnu-toolchain/bin/../lib/gcc/arm-none-eabi/6.3.1/../../../../arm-none-eabi/lib/thumb/v7e-m\libc.a(lib_a-impure.o)
                              c:/program files (x86)/atmel/studio/7.0/toolchain/arm/arm-gnu-toolchain/bin/../lib/gcc/arm-none-eabi/6.3.1/../../../../arm-none-eabi/lib/thumb/v7e-m\libc.a(lib_a-exit.o) (_global_impure_ptr)
c:/program files (x86)/atmel/studio/7.0/toolchain/arm/arm-gnu-toolchain/bin/../lib/gcc/arm-none-eabi/6.3.1/../../../../arm-none-eabi/lib/thumb/v7e-m\libc.a(lib_a-init.o)
                              c:/program files (x86)/atmel/studio/7.0/toolchain/arm/arm-gnu-toolchain/bin/../lib/gcc/arm-none-eabi/6.3.1/../../../../arm-none-eabi/lib/thumb/v7e-m/crt0.o (__libc_init_array)
c:/program files (x86)/atmel/studio/7.0/toolchain/arm/arm-gnu-toolchain/bin/../lib/gcc/arm-none-eabi/6.3.1/../../../../arm-none-eabi/lib/thumb/v7e-m\libc.a(lib_a-memcpy.o)
                              src/main.o (memcpy)
c:/program files (x86)/atmel/studio/7.0/toolchain/arm/arm-gnu-toolchain/bin/../lib/gcc/arm-none-eabi/6.3.1/../../../../arm-none-eabi/lib/thumb/v7e-m\libc.a(lib_a-memset.o)
                              c:/program files (x86)/atmel/studio/7.0/toolchain/arm/arm-gnu-toolchain/bin/../lib/gcc/arm-none-eabi/6.3.1/../../../../arm-none-eabi/lib/thumb/v7e-m/crt0.o (memset)
c:/program files (x86)/atmel/studio/7.0/toolchain/arm/arm-gnu-toolchain/bin/../lib/gcc/arm-none-eabi/6.3.1/../../../../arm-none-eabi/lib/thumb/v7e-m\libc.a(lib_a-__call_atexit.o)
                              c:/program files (x86)/atmel/studio/7.0/toolchain/arm/arm-gnu-toolchain/bin/../lib/gcc/arm-none-eabi/6.3.1/../../../../arm-none-eabi/lib/thumb/v7e-m\libc.a(lib_a-exit.o) (__call_exitprocs)
c:/program files (x86)/atmel/studio/7.0/toolchain/arm/arm-gnu-toolchain/bin/../lib/gcc/arm-none-eabi/6.3.1/../../../../arm-none-eabi/lib/thumb/v7e-m\libc.a(lib_a-atexit.o)
                              c:/program files (x86)/atmel/studio/7.0/toolchain/arm/arm-gnu-toolchain/bin/../lib/gcc/arm-none-eabi/6.3.1/../../../../arm-none-eabi/lib/thumb/v7e-m\libc.a(lib_a-__call_atexit.o) (atexit)
c:/program files (x86)/atmel/studio/7.0/toolchain/arm/arm-gnu-toolchain/bin/../lib/gcc/arm-none-eabi/6.3.1/../../../../arm-none-eabi/lib/thumb/v7e-m\libc.a(lib_a-fini.o)
[...]
Memory Configuration

Name             Origin             Length             Attributes
rom              0x00400000         0x00200000         xr
ram              0x20400000         0x00060000         xrw
*default*        0x00000000         0xffffffff

Linker script and memory map

LOAD c:/program files (x86)/atmel/studio/7.0/toolchain/arm/arm-gnu-toolchain/bin/../lib/gcc/arm-none-eabi/6.3.1/thumb/v7e-m/crti.o
LOAD c:/program files (x86)/atmel/studio/7.0/toolchain/arm/arm-gnu-toolchain/bin/../lib/gcc/arm-none-eabi/6.3.1/thumb/v7e-m/crtbegin.o
LOAD c:/program files (x86)/atmel/studio/7.0/toolchain/arm/arm-gnu-toolchain/bin/../lib/gcc/arm-none-eabi/6.3.1/../../../../arm-none-eabi/lib/thumb/v7e-m/crt0.o
LOAD src/ASF/sam/boards/same70_xplained/init.o
LOAD src/ASF/sam/drivers/spi/spi.o
LOAD src/screen/gfx_mono_framebuffer.o
LOAD src/screen/gfx_mono_generic.o
LOAD src/screen/gfx_mono_text.o
LOAD src/screen/gfx_mono_ug_2832hsweg04.o
LOAD src/screen/ssd1306.o
LOAD src/screen/sysfont.o
LOAD src/ASF/common/services/clock/same70/sysclk.o
LOAD src/ASF/common/services/delay/sam/cycle_counter.o
LOAD src/ASF/common/utils/interrupt/interrupt_sam_nvic.o
LOAD src/ASF/sam/drivers/mpu/mpu.o
LOAD src/ASF/sam/drivers/pio/pio.o
LOAD src/ASF/sam/drivers/pio/pio_handler.o
LOAD src/ASF/sam/drivers/pmc/pmc.o
LOAD src/ASF/sam/drivers/pmc/sleep.o
LOAD src/ASF/sam/utils/cmsis/same70/source/templates/gcc/startup_same70.o
LOAD src/ASF/sam/utils/cmsis/same70/source/templates/system_same70.o
LOAD src/ASF/sam/utils/syscalls/gcc/syscalls.o
LOAD src/main.o
START GROUP
LOAD ../src/ASF/thirdparty/CMSIS/Lib/GCC\libarm_cortexM7lfsp_math_softfp.a
LOAD c:/program files (x86)/atmel/studio/7.0/toolchain/arm/arm-gnu-toolchain/bin/../lib/gcc/arm-none-eabi/6.3.1/../../../../arm-none-eabi/lib/thumb/v7e-m\libm.a
END GROUP
START GROUP
LOAD c:/program files (x86)/atmel/studio/7.0/toolchain/arm/arm-gnu-toolchain/bin/../lib/gcc/arm-none-eabi/6.3.1/thumb/v7e-m\libgcc.a
LOAD c:/program files (x86)/atmel/studio/7.0/toolchain/arm/arm-gnu-toolchain/bin/../lib/gcc/arm-none-eabi/6.3.1/../../../../arm-none-eabi/lib/thumb/v7e-m\libc.a
END GROUP
LOAD c:/program files (x86)/atmel/studio/7.0/toolchain/arm/arm-gnu-toolchain/bin/../lib/gcc/arm-none-eabi/6.3.1/thumb/v7e-m/crtend.o
LOAD c:/program files (x86)/atmel/studio/7.0/toolchain/arm/arm-gnu-toolchain/bin/../lib/gcc/arm-none-eabi/6.3.1/thumb/v7e-m/crtn.o
                0x00002000                STACK_SIZE = DEFINED (STACK_SIZE)?STACK_SIZE:0x2000
                0x2045fffc                __ram_end__ = ((ORIGIN (ram) + LENGTH (ram)) - 0x4)
                0x00000200                HEAP_SIZE = DEFINED (HEAP_SIZE)?HEAP_SIZE:0x200

.text           0x00400000     0x37bc
                0x00400000                . = ALIGN (0x4)
                0x00400000                _sfixed = .
 *(.vectors .vectors.*)
 .vectors       0x00400000      0x140 src/ASF/sam/utils/cmsis/same70/source/templates/gcc/startup_same70.o
                0x00400000                exception_table
 *(.text .text.* .gnu.linkonce.t.*)
 .text          0x00400140       0x6c c:/program files (x86)/atmel/studio/7.0/toolchain/arm/arm-gnu-toolchain/bin/../lib/gcc/arm-none-eabi/6.3.1/thumb/v7e-m/crtbegin.o
 .text.board_init
                0x004001ac      0x3ec src/ASF/sam/boards/same70_xplained/init.o
                0x004001ac                board_init
 .text.spi_enable_clock
                0x00400598       0x2c src/ASF/sam/drivers/spi/spi.o
                0x00400598                spi_enable_clock
 .text.spi_set_peripheral_chip_select_value
                0x004005c4       0x16 src/ASF/sam/drivers/spi/spi.o
                0x004005c4                spi_set_peripheral_chip_select_value
 .text.spi_write
                0x004005da       0x34 src/ASF/sam/drivers/spi/spi.o
                0x004005da                spi_write
 .text.spi_set_clock_polarity
                0x0040060e       0x1e src/ASF/sam/drivers/spi/spi.o
                0x0040060e                spi_set_clock_polarity
 .text.spi_set_clock_phase
                0x0040062c       0x1e src/ASF/sam/drivers/spi/spi.o
                0x0040062c                spi_set_clock_phase
 .text.spi_configure_cs_behavior
                0x0040064a       0x46 src/ASF/sam/drivers/spi/spi.o
                0x0040064a                spi_configure_cs_behavior
 .text.spi_set_bits_per_transfer
                0x00400690       0x14 src/ASF/sam/drivers/spi/spi.o
                0x00400690                spi_set_bits_per_transfer
 .text.spi_calc_baudrate_div
                0x004006a4       0x16 src/ASF/sam/drivers/spi/spi.o
                0x004006a4                spi_calc_baudrate_div
 .text.spi_set_baudrate_div
                0x004006ba       0x28 src/ASF/sam/drivers/spi/spi.o
                0x004006ba                spi_set_baudrate_div
 *fill*         0x004006e2        0x2 
 .text.gfx_mono_set_framebuffer
                0x004006e4        0xc src/screen/gfx_mono_framebuffer.o
                0x004006e4                gfx_mono_set_framebuffer
 .text.gfx_mono_framebuffer_put_byte
                0x004006f0       0x10 src/screen/gfx_mono_framebuffer.o
                0x004006f0                gfx_mono_framebuffer_put_byte
 .text.gfx_mono_framebuffer_get_byte
                0x00400700       0x10 src/screen/gfx_mono_framebuffer.o
                0x00400700                gfx_mono_framebuffer_get_byte
 .text.gfx_mono_generic_draw_horizontal_line
                0x00400710       0xd0 src/screen/gfx_mono_generic.o
                0x00400710                gfx_mono_generic_draw_horizontal_line
 .text.gfx_mono_generic_draw_filled_rect
                0x004007e0       0x38 src/screen/gfx_mono_generic.o
                0x004007e0                gfx_mono_generic_draw_filled_rect
 .text.gfx_mono_draw_char
                0x00400818       0xac src/screen/gfx_mono_text.o
                0x00400818                gfx_mono_draw_char
 .text.gfx_mono_draw_string
                0x004008c4       0x48 src/screen/gfx_mono_text.o
                0x004008c4                gfx_mono_draw_string
 .text.gfx_mono_ssd1306_put_byte
                0x0040090c       0x50 src/screen/gfx_mono_ug_2832hsweg04.o
                0x0040090c                gfx_mono_ssd1306_put_byte
 .text.gfx_mono_ssd1306_init
                0x0040095c       0x50 src/screen/gfx_mono_ug_2832hsweg04.o
                0x0040095c                gfx_mono_ssd1306_init
 .text.gfx_mono_ssd1306_draw_pixel
                0x004009ac       0x64 src/screen/gfx_mono_ug_2832hsweg04.o
                0x004009ac                gfx_mono_ssd1306_draw_pixel
 .text.gfx_mono_ssd1306_get_byte
                0x00400a10        0xc src/screen/gfx_mono_ug_2832hsweg04.o
                0x00400a10                gfx_mono_ssd1306_get_byte
 .text.ssd1306_write_command
                0x00400a1c       0x40 src/screen/ssd1306.o
                0x00400a1c                ssd1306_write_command
 .text.ssd1306_init
                0x00400a5c      0x1e0 src/screen/ssd1306.o
                0x00400a5c                ssd1306_init
 .text.ssd1306_write_data
                0x00400c3c       0x40 src/screen/ssd1306.o
                0x00400c3c                ssd1306_write_data
 .text.sysclk_init
                0x00400c7c       0x70 src/ASF/common/services/clock/same70/sysclk.o
                0x00400c7c                sysclk_init
 .text.pio_set  0x00400cec        0x4 src/ASF/sam/drivers/pio/pio.o
                0x00400cec                pio_set
 .text.pio_clear
                0x00400cf0        0x4 src/ASF/sam/drivers/pio/pio.o
                0x00400cf0                pio_clear
 .text.pio_set_peripheral
                0x00400cf4       0x92 src/ASF/sam/drivers/pio/pio.o
                0x00400cf4                pio_set_peripheral
 .text.pio_set_input
                0x00400d86       0x36 src/ASF/sam/drivers/pio/pio.o
                0x00400d86                pio_set_input
 .text.pio_set_output
                0x00400dbc       0x28 src/ASF/sam/drivers/pio/pio.o
                0x00400dbc                pio_set_output
 .text.pio_configure
                0x00400de4       0x90 src/ASF/sam/drivers/pio/pio.o
                0x00400de4                pio_configure
 .text.pio_configure_interrupt
                0x00400e74       0x32 src/ASF/sam/drivers/pio/pio.o
                0x00400e74                pio_configure_interrupt
 .text.pio_enable_interrupt
                0x00400ea6        0x4 src/ASF/sam/drivers/pio/pio.o
                0x00400ea6                pio_enable_interrupt
 .text.pio_get_interrupt_status
                0x00400eaa        0x4 src/ASF/sam/drivers/pio/pio.o
                0x00400eaa                pio_get_interrupt_status
 .text.pio_get_interrupt_mask
                0x00400eae        0x4 src/ASF/sam/drivers/pio/pio.o
                0x00400eae                pio_get_interrupt_mask
 *fill*         0x00400eb2        0x2 
 .text.pio_set_pin_high
                0x00400eb4       0x1c src/ASF/sam/drivers/pio/pio.o
                0x00400eb4                pio_set_pin_high
 .text.pio_configure_pin
                0x00400ed0      0x130 src/ASF/sam/drivers/pio/pio.o
                0x00400ed0                pio_configure_pin
 .text.pio_handler_process
                0x00401000       0x50 src/ASF/sam/drivers/pio/pio_handler.o
                0x00401000                pio_handler_process
 .text.pio_handler_set
                0x00401050       0x70 src/ASF/sam/drivers/pio/pio_handler.o
                0x00401050                pio_handler_set
 .text.PIOA_Handler
                0x004010c0       0x14 src/ASF/sam/drivers/pio/pio_handler.o
                0x004010c0                PIOA_Handler
 .text.PIOB_Handler
                0x004010d4       0x14 src/ASF/sam/drivers/pio/pio_handler.o
                0x004010d4                PIOB_Handler
 .text.PIOC_Handler
                0x004010e8       0x14 src/ASF/sam/drivers/pio/pio_handler.o
                0x004010e8                PIOC_Handler
 .text.PIOD_Handler
                0x004010fc       0x14 src/ASF/sam/drivers/pio/pio_handler.o
                0x004010fc                PIOD_Handler
 .text.PIOE_Handler
                0x00401110       0x14 src/ASF/sam/drivers/pio/pio_handler.o
                0x00401110                PIOE_Handler
 .text.pmc_mck_set_division
                0x00401124       0x38 src/ASF/sam/drivers/pmc/pmc.o
                0x00401124                pmc_mck_set_division
 .text.pmc_switch_mck_to_pllack
                0x0040115c       0x64 src/ASF/sam/drivers/pmc/pmc.o
                0x0040115c                pmc_switch_mck_to_pllack
 .text.pmc_switch_mainck_to_xtal
                0x004011c0       0x54 src/ASF/sam/drivers/pmc/pmc.o
                0x004011c0                pmc_switch_mainck_to_xtal
 .text.pmc_osc_is_ready_mainck
                0x00401214       0x10 src/ASF/sam/drivers/pmc/pmc.o
                0x00401214                pmc_osc_is_ready_mainck
 .text.pmc_disable_pllack
                0x00401224       0x10 src/ASF/sam/drivers/pmc/pmc.o
                0x00401224                pmc_disable_pllack
 .text.pmc_is_locked_pllack
                0x00401234       0x10 src/ASF/sam/drivers/pmc/pmc.o
                0x00401234                pmc_is_locked_pllack
 .text.pmc_enable_periph_clk
                0x00401244       0x54 src/ASF/sam/drivers/pmc/pmc.o
                0x00401244                pmc_enable_periph_clk
 .text.Dummy_Handler
                0x00401298        0x2 src/ASF/sam/utils/cmsis/same70/source/templates/gcc/startup_same70.o
                0x00401298                DACC_Handler
                0x00401298                DebugMon_Handler
                0x00401298                UART3_Handler
                0x00401298                UART2_Handler
                0x00401298                TRNG_Handler
                0x00401298                HardFault_Handler
                0x00401298                TC2_Handler
                0x00401298                SysTick_Handler
                0x00401298                AFEC1_Handler
                0x00401298                PendSV_Handler
                0x00401298                NMI_Handler
                0x00401298                TC7_Handler
                0x00401298                QSPI_Handler
                0x00401298                ISI_Handler
                0x00401298                TC9_Handler
                0x00401298                RSWDT_Handler
                0x00401298                MCAN1_Handler
                0x00401298                USART0_Handler
                0x00401298                RTT_Handler
                0x00401298                USBHS_Handler
                0x00401298                RTC_Handler
                0x00401298                UsageFault_Handler
                0x00401298                TC6_Handler
                0x00401298                WDT_Handler
                0x00401298                TC4_Handler
                0x00401298                TC1_Handler
                0x00401298                HSMCI_Handler
                0x00401298                UART1_Handler
                0x00401298                TC3_Handler
                0x00401298                Dummy_Handler
                0x00401298                TWIHS1_Handler
                0x00401298                XDMAC_Handler
                0x00401298                UART4_Handler
                0x00401298                PWM1_Handler
                0x00401298                USART1_Handler
                0x00401298                PWM0_Handler
                0x00401298                AFEC0_Handler
                0x00401298                SSC_Handler
                0x00401298                TC11_Handler
                0x00401298                ACC_Handler
                0x00401298                PMC_Handler
                0x00401298                GMAC_Handler
                0x00401298                MemManage_Handler
                0x00401298                SUPC_Handler
                0x00401298                SVC_Handler
                0x00401298                TC8_Handler
                0x00401298                EFC_Handler
                0x00401298                USART2_Handler
                0x00401298                SDRAMC_Handler
                0x00401298                SPI1_Handler
                0x00401298                MCAN0_Handler
                0x00401298                TC10_Handler
                0x00401298                TWIHS2_Handler
                0x00401298                UART0_Handler
                0x00401298                BusFault_Handler
                0x00401298                RSTC_Handler
                0x00401298                TC0_Handler
                0x00401298                TC5_Handler
                0x00401298                ICM_Handler
                0x00401298                AES_Handler
                0x00401298                TWIHS0_Handler
                0x00401298                SPI0_Handler
 *fill*         0x0040129a        0x2 
 .text.Reset_Handler
                0x0040129c       0xc8 src/ASF/sam/utils/cmsis/same70/source/templates/gcc/startup_same70.o
                0x0040129c                Reset_Handler
 .text.SystemCoreClockUpdate
                0x00401364      0x10c src/ASF/sam/utils/cmsis/same70/source/templates/system_same70.o
                0x00401364                SystemCoreClockUpdate
 .text.system_init_flash
                0x00401470       0x74 src/ASF/sam/utils/cmsis/same70/source/templates/system_same70.o
                0x00401470                system_init_flash
 .text.but_next_callback
                0x004014e4        0xc src/main.o
                0x004014e4                but_next_callback
 .text.but_prev_callback
                0x004014f0        0xc src/main.o
                0x004014f0                but_prev_callback
 .text.but_play_callback
                0x004014fc        0xc src/main.o
                0x004014fc                but_play_callback
 .text.init     0x00401508      0x148 src/main.o
                0x00401508                init
 .text.create_songs
                0x00401650      0x1e8 src/main.o
                0x00401650                create_songs
 .text.oled_draw
                0x00401838       0xe0 src/main.o
                0x00401838                oled_draw
 .text.pause    0x00401918       0x6c src/main.o
                0x00401918                pause
 .text.buzz     0x00401984      0x134 src/main.o
                0x00401984                buzz
 .text.play     0x00401ab8      0x14c src/main.o
                0x00401ab8                play
 .text.main     0x00401c04      0x1ac src/main.o
                0x00401c04                main
 .text          0x00401db0      0x370 c:/program files (x86)/atmel/studio/7.0/toolchain/arm/arm-gnu-toolchain/bin/../lib/gcc/arm-none-eabi/6.3.1/thumb/v7e-m\libgcc.a(_arm_addsubdf3.o)
                0x00401db0                __aeabi_drsub
                0x00401db8                __aeabi_dsub
                0x00401db8                __subdf3
                0x00401dbc                __aeabi_dadd
                0x00401dbc                __adddf3
                0x00402034                __floatunsidf
                0x00402034                __aeabi_ui2d
                0x00402054                __floatsidf
                0x00402054                __aeabi_i2d
                0x00402078                __aeabi_f2d
                0x00402078                __extendsfdf2
                0x004020b4                __floatundidf
                0x004020b4                __aeabi_ul2d
                0x004020c4                __floatdidf
                0x004020c4                __aeabi_l2d
 .text          0x00402120      0x424 c:/program files (x86)/atmel/studio/7.0/toolchain/arm/arm-gnu-toolchain/bin/../lib/gcc/arm-none-eabi/6.3.1/thumb/v7e-m\libgcc.a(_arm_muldivdf3.o)
                0x00402120                __aeabi_dmul
                0x00402120                __muldf3
                0x00402374                __divdf3
                0x00402374                __aeabi_ddiv
 .text          0x00402544      0x110 c:/program files (x86)/atmel/studio/7.0/toolchain/arm/arm-gnu-toolchain/bin/../lib/gcc/arm-none-eabi/6.3.1/thumb/v7e-m\libgcc.a(_arm_cmpdf2.o)
                0x00402544                __gtdf2
                0x00402544                __gedf2
                0x0040254c                __ltdf2
                0x0040254c                __ledf2
                0x00402554                __nedf2
                0x00402554                __eqdf2
                0x00402554                __cmpdf2
                0x004025d0                __aeabi_cdrcmple
                0x004025e0                __aeabi_cdcmpeq
                0x004025e0                __aeabi_cdcmple
                0x004025f0                __aeabi_dcmpeq
                0x00402604                __aeabi_dcmplt
                0x00402618                __aeabi_dcmple
                0x0040262c                __aeabi_dcmpge
                0x00402640                __aeabi_dcmpgt
 .text          0x00402654       0x50 c:/program files (x86)/atmel/studio/7.0/toolchain/arm/arm-gnu-toolchain/bin/../lib/gcc/arm-none-eabi/6.3.1/thumb/v7e-m\libgcc.a(_arm_fixdfsi.o)
                0x00402654                __aeabi_d2iz
                0x00402654                __fixdfsi
 .text          0x004026a4       0x30 c:/program files (x86)/atmel/studio/7.0/toolchain/arm/arm-gnu-toolchain/bin/../lib/gcc/arm-none-eabi/6.3.1/thumb/v7e-m\libgcc.a(_aeabi_uldivmod.o)
                0x004026a4                __aeabi_uldivmod
 .text          0x004026d4       0x48 c:/program files (x86)/atmel/studio/7.0/toolchain/arm/arm-gnu-toolchain/bin/../lib/gcc/arm-none-eabi/6.3.1/thumb/v7e-m\libgcc.a(_fixunsdfdi.o)
                0x004026d4                __fixunsdfdi
                0x004026d4                __aeabi_d2ulz
 .text          0x0040271c      0x2dc c:/program files (x86)/atmel/studio/7.0/toolchain/arm/arm-gnu-toolchain/bin/../lib/gcc/arm-none-eabi/6.3.1/thumb/v7e-m\libgcc.a(_udivmoddi4.o)
                0x0040271c                __udivmoddi4
 .text          0x004029f8        0x4 c:/program files (x86)/atmel/studio/7.0/toolchain/arm/arm-gnu-toolchain/bin/../lib/gcc/arm-none-eabi/6.3.1/thumb/v7e-m\libgcc.a(_dvmd_tls.o)
                0x004029f8                __aeabi_idiv0
                0x004029f8                __aeabi_ldiv0
 .text          0x004029fc       0x40 c:/program files (x86)/atmel/studio/7.0/toolchain/arm/arm-gnu-toolchain/bin/../lib/gcc/arm-none-eabi/6.3.1/thumb/v7e-m\libgcc.a(_arm_fixunsdfsi.o)
                0x004029fc                __aeabi_d2uiz
                0x004029fc                __fixunsdfsi
 .text.__libc_init_array
                0x00402a3c       0x50 c:/program files (x86)/atmel/studio/7.0/toolchain/arm/arm-gnu-toolchain/bin/../lib/gcc/arm-none-eabi/6.3.1/../../../../arm-none-eabi/lib/thumb/v7e-m\libc.a(lib_a-init.o)
                0x00402a3c                __libc_init_array
 .text          0x00402a8c      0x134 c:/program files (x86)/atmel/studio/7.0/toolchain/arm/arm-gnu-toolchain/bin/../lib/gcc/arm-none-eabi/6.3.1/../../../../arm-none-eabi/lib/thumb/v7e-m\libc.a(lib_a-memcpy.o)
                0x00402a8c                memcpy
 .text.startup.register_fini
                0x00402bc0       0x14 c:/program files (x86)/atmel/studio/7.0/toolchain/arm/arm-gnu-toolchain/bin/../lib/gcc/arm-none-eabi/6.3.1/../../../../arm-none-eabi/lib/thumb/v7e-m\libc.a(lib_a-__call_atexit.o)
 .text.atexit   0x00402bd4        0xc c:/program files (x86)/atmel/studio/7.0/toolchain/arm/arm-gnu-toolchain/bin/../lib/gcc/arm-none-eabi/6.3.1/../../../../arm-none-eabi/lib/thumb/v7e-m\libc.a(lib_a-atexit.o)
                0x00402bd4                atexit
 .text.__libc_fini_array
                0x00402be0       0x34 c:/program files (x86)/atmel/studio/7.0/toolchain/arm/arm-gnu-toolchain/bin/../lib/gcc/arm-none-eabi/6.3.1/../../../../arm-none-eabi/lib/thumb/v7e-m\libc.a(lib_a-fini.o)
                0x00402be0                __libc_fini_array
 .text.__retarget_lock_acquire_recursive
                0x00402c14        0x4 c:/program files (x86)/atmel/studio/7.0/toolchain/arm/arm-gnu-toolchain/bin/../lib/gcc/arm-none-eabi/6.3.1/../../../../arm-none-eabi/lib/thumb/v7e-m\libc.a(lib_a-lock.o)
                0x00402c14                __retarget_lock_acquire_recursive
 .text.__retarget_lock_release_recursive
                0x00402c18        0x4 c:/program files (x86)/atmel/studio/7.0/toolchain/arm/arm-gnu-toolchain/bin/../lib/gcc/arm-none-eabi/6.3.1/../../../../arm-none-eabi/lib/thumb/v7e-m\libc.a(lib_a-lock.o)
                0x00402c18                __retarget_lock_release_recursive
 .text.__register_exitproc
                0x00402c1c       0xc4 c:/program files (x86)/atmel/studio/7.0/toolchain/arm/arm-gnu-toolchain/bin/../lib/gcc/arm-none-eabi/6.3.1/../../../../arm-none-eabi/lib/thumb/v7e-m\libc.a(lib_a-__atexit.o)
                0x00402c1c                __register_exitproc
 *(.glue_7t)
 .glue_7t       0x00402ce0        0x0 linker stubs
 *(.glue_7)
 .glue_7        0x00402ce0        0x0 linker stubs
 *(.rodata .rodata* .gnu.linkonce.r.*)
 .rodata.sysfont_glyphs
                0x00402ce0      0xa48 src/screen/sysfont.o
 .rodata.main.str1.4
                0x00403728       0x53 src/main.o
 *fill*         0x0040377b        0x1 
 .rodata.oled_draw.str1.4
                0x0040377c        0xe src/main.o
 *fill*         0x0040378a        0x2 
 .rodata.pause.str1.4
                0x0040378c        0x8 src/main.o
                                  0x6 (size before relaxing)
 .rodata._global_impure_ptr
                0x00403794        0x4 c:/program files (x86)/atmel/studio/7.0/toolchain/arm/arm-gnu-toolchain/bin/../lib/gcc/arm-none-eabi/6.3.1/../../../../arm-none-eabi/lib/thumb/v7e-m\libc.a(lib_a-impure.o)
                0x00403794                _global_impure_ptr
 *(.ARM.extab* .gnu.linkonce.armextab.*)
                0x00403798                . = ALIGN (0x4)
 *(.init)
 .init          0x00403798        0x4 c:/program files (x86)/atmel/studio/7.0/toolchain/arm/arm-gnu-toolchain/bin/../lib/gcc/arm-none-eabi/6.3.1/thumb/v7e-m/crti.o
                0x00403798                _init
 .init          0x0040379c        0x8 c:/program files (x86)/atmel/studio/7.0/toolchain/arm/arm-gnu-toolchain/bin/../lib/gcc/arm-none-eabi/6.3.1/thumb/v7e-m/crtn.o
                0x004037a4                . = ALIGN (0x4)
                0x004037a4                __preinit_array_start = .
 *(.preinit_array)
                0x004037a4                __preinit_array_end = .
                0x004037a4                . = ALIGN (0x4)
                0x004037a4                __init_array_start = .
 *(SORT(.init_array.*))
 .init_array.00000
                0x004037a4        0x4 c:/program files (x86)/atmel/studio/7.0/toolchain/arm/arm-gnu-toolchain/bin/../lib/gcc/arm-none-eabi/6.3.1/../../../../arm-none-eabi/lib/thumb/v7e-m\libc.a(lib_a-__call_atexit.o)
 *(.init_array)
 .init_array    0x004037a8        0x4 c:/program files (x86)/atmel/studio/7.0/toolchain/arm/arm-gnu-toolchain/bin/../lib/gcc/arm-none-eabi/6.3.1/thumb/v7e-m/crtbegin.o
                0x004037ac                __init_array_end = .
                0x004037ac                . = ALIGN (0x4)
 *crtbegin.o(.ctors)
 *(EXCLUDE_FILE(*crtend.o) .ctors)
 *(SORT(.ctors.*))
 *crtend.o(.ctors)
                0x004037ac                . = ALIGN (0x4)
 *(.fini)
 .fini          0x004037ac        0x4 c:/program files (x86)/atmel/studio/7.0/toolchain/arm/arm-gnu-toolchain/bin/../lib/gcc/arm-none-eabi/6.3.1/thumb/v7e-m/crti.o
                0x004037ac                _fini
 .fini          0x004037b0        0x8 c:/program files (x86)/atmel/studio/7.0/toolchain/arm/arm-gnu-toolchain/bin/../lib/gcc/arm-none-eabi/6.3.1/thumb/v7e-m/crtn.o
                0x004037b8                . = ALIGN (0x4)
                0x004037b8                __fini_array_start = .
 *(.fini_array)
 .fini_array    0x004037b8        0x4 c:/program files (x86)/atmel/studio/7.0/toolchain/arm/arm-gnu-toolchain/bin/../lib/gcc/arm-none-eabi/6.3.1/thumb/v7e-m/crtbegin.o
 *(SORT(.fini_array.*))
                0x004037bc                __fini_array_end = .
 *crtbegin.o(.dtors)
 *(EXCLUDE_FILE(*crtend.o) .dtors)
 *(SORT(.dtors.*))
 *crtend.o(.dtors)
                0x004037bc                . = ALIGN (0x4)
                0x004037bc                _efixed = .
                [!provide]                PROVIDE (__exidx_start, .)

.vfp11_veneer   0x004037bc        0x0
 .vfp11_veneer  0x004037bc        0x0 linker stubs

.v4_bx          0x004037bc        0x0
 .v4_bx         0x004037bc        0x0 linker stubs

.iplt           0x004037bc        0x0
 .iplt          0x004037bc        0x0 c:/program files (x86)/atmel/studio/7.0/toolchain/arm/arm-gnu-toolchain/bin/../lib/gcc/arm-none-eabi/6.3.1/thumb/v7e-m/crtbegin.o

.ARM.exidx      0x004037bc        0x8
 *(.ARM.exidx* .gnu.linkonce.armexidx.*)
 .ARM.exidx     0x004037bc        0x8 c:/program files (x86)/atmel/studio/7.0/toolchain/arm/arm-gnu-toolchain/bin/../lib/gcc/arm-none-eabi/6.3.1/thumb/v7e-m\libgcc.a(_udivmoddi4.o)
                [!provide]                PROVIDE (__exidx_end, .)

.eh_frame       0x004037c4        0x0
 .eh_frame      0x004037c4        0x0 c:/program files (x86)/atmel/studio/7.0/toolchain/arm/arm-gnu-toolchain/bin/../lib/gcc/arm-none-eabi/6.3.1/thumb/v7e-m/crtbegin.o

.rel.dyn        0x004037c4        0x0
 .rel.iplt      0x004037c4        0x0 c:/program files (x86)/atmel/studio/7.0/toolchain/arm/arm-gnu-toolchain/bin/../lib/gcc/arm-none-eabi/6.3.1/thumb/v7e-m/crtbegin.o

.jcr            0x004037c4        0x0
 .jcr           0x004037c4        0x0 c:/program files (x86)/atmel/studio/7.0/toolchain/arm/arm-gnu-toolchain/bin/../lib/gcc/arm-none-eabi/6.3.1/thumb/v7e-m/crtbegin.o

.igot.plt       0x004037c4        0x0
 .igot.plt      0x004037c4        0x0 c:/program files (x86)/atmel/studio/7.0/toolchain/arm/arm-gnu-toolchain/bin/../lib/gcc/arm-none-eabi/6.3.1/thumb/v7e-m/crtbegin.o
                0x004037c4                . = ALIGN (0x4)
                0x004037c4                _etext = .

.relocate       0x20400000      0xed4 load address 0x004037c4
                0x20400000                . = ALIGN (0x4)
                0x20400000                _srelocate = .
 *(.ramfunc .ramfunc.*)
 .ramfunc       0x20400000        0xa src/ASF/common/services/delay/sam/cycle_counter.o
                0x20400000                portable_delay_cycles
 *(.data .data.*)
 *fill*         0x2040000a        0x2 
 .data.sysfont  0x2040000c        0xc src/screen/sysfont.o
                0x2040000c                sysfont
 .data.g_interrupt_enabled
                0x20400018        0x1 src/ASF/common/utils/interrupt/interrupt_sam_nvic.o
                0x20400018                g_interrupt_enabled
 *fill*         0x20400019        0x3 
 .data.SystemCoreClock
                0x2040001c        0x4 src/ASF/sam/utils/cmsis/same70/source/templates/system_same70.o
                0x2040001c                SystemCoreClock
 .data.mario_main
                0x20400020      0x138 src/main.o
                0x20400020                mario_main
 .data.mario_main_tempo
                0x20400158      0x138 src/main.o
                0x20400158                mario_main_tempo
 .data.pirates_of_the_caribean
                0x20400290      0x32c src/main.o
                0x20400290                pirates_of_the_caribean
 .data.pirates_of_the_caribean_tempo
                0x204005bc      0x32c src/main.o
                0x204005bc                pirates_of_the_caribean_tempo
 .data.underworld_mario
                0x204008e8       0xe0 src/main.o
                0x204008e8                underworld_mario
 .data.underworld_mario_tempo
                0x204009c8       0xe0 src/main.o
                0x204009c8                underworld_mario_tempo
 .data.impure_data
                0x20400aa8      0x428 c:/program files (x86)/atmel/studio/7.0/toolchain/arm/arm-gnu-toolchain/bin/../lib/gcc/arm-none-eabi/6.3.1/../../../../arm-none-eabi/lib/thumb/v7e-m\libc.a(lib_a-impure.o)
 .data.__atexit_recursive_mutex
                0x20400ed0        0x4 c:/program files (x86)/atmel/studio/7.0/toolchain/arm/arm-gnu-toolchain/bin/../lib/gcc/arm-none-eabi/6.3.1/../../../../arm-none-eabi/lib/thumb/v7e-m\libc.a(lib_a-__call_atexit.o)
                0x20400ed0                __atexit_recursive_mutex
                0x20400ed4                . = ALIGN (0x4)
                0x20400ed4                _erelocate = .

.bss            0x20400ed8     0x3b40 load address 0x004046a0
                0x20400ed8                . = ALIGN (0x4)
                0x20400ed8                _sbss = .
                0x20400ed8                _szero = .
 *(.bss .bss.*)
 .bss           0x20400ed8       0x1c c:/program files (x86)/atmel/studio/7.0/toolchain/arm/arm-gnu-toolchain/bin/../lib/gcc/arm-none-eabi/6.3.1/thumb/v7e-m/crtbegin.o
 .bss.fbpointer
                0x20400ef4        0x4 src/screen/gfx_mono_framebuffer.o
 .bss.framebuffer
                0x20400ef8      0x200 src/screen/gfx_mono_ug_2832hsweg04.o
 .bss.gs_interrupt_sources
                0x204010f8       0x70 src/ASF/sam/drivers/pio/pio_handler.o
 .bss.gs_ul_nb_sources
                0x20401168        0x4 src/ASF/sam/drivers/pio/pio_handler.o
 *(COMMON)
 *fill*         0x2040116c        0x4 
 COMMON         0x20401170     0x3881 src/main.o
                0x20401170                but_prev_flag
                0x20401178                pirates_of_the_caribean_song
                0x20402448                mario_main_song
                0x20403718                but_play_flag
                0x20403720                underworld_mario_song
                0x204049f0                but_next_flag
 *fill*         0x204049f1        0x3 
 COMMON         0x204049f4       0x21 c:/program files (x86)/atmel/studio/7.0/toolchain/arm/arm-gnu-toolchain/bin/../lib/gcc/arm-none-eabi/6.3.1/../../../../arm-none-eabi/lib/thumb/v7e-m\libc.a(lib_a-lock.o)
                0x204049f4                __lock___atexit_recursive_mutex
                0x204049f8                __lock___arc4random_mutex
                0x204049fc                __lock___env_recursive_mutex
                0x20404a00                __lock___sinit_recursive_mutex
                0x20404a04                __lock___malloc_recursive_mutex
                0x20404a08                __lock___at_quick_exit_mutex
                0x20404a0c                __lock___dd_hash_mutex
                0x20404a10                __lock___tz_mutex
                0x20404a14                __lock___sfp_recursive_mutex
                0x20404a18                . = ALIGN (0x4)
 *fill*         0x20404a15        0x3 
                0x20404a18                _ebss = .
                0x20404a18                _ezero = .

.stack          0x20404a18     0x2000 load address 0x004081e0
                0x20404a18                . = ALIGN (0x8)
                0x20404a18                _sstack = .
                0x20406a18                . = (. + STACK_SIZE)
 *fill*         0x20404a18     0x2000 
                0x20406a18                . = ALIGN (0x8)
                0x20406a18                _estack = .

.heap           0x20406a18      0x200 load address 0x0040a1e0
                0x20406a18                . = ALIGN (0x8)
                0x20406a18                _sheap = .
                0x20406c18                . = (. + HEAP_SIZE)
 *fill*         0x20406a18      0x200 
                0x20406c18                . = ALIGN (0x8)
                0x20406c18                _eheap = .
                0x20406c18                . = ALIGN (0x4)
                0x20406c18                _end = .
                0x2045ffff                _ram_end_ = ((ORIGIN (ram) + LENGTH (ram)) - 0x1)
OUTPUT(SAME70.elf elf32-littlearm)

.ARM.attributes
                0x00000000       0x2e
 .ARM.attributes
                0x00000000       0x1e c:/program files (x86)/atmel/studio/7.0/toolchain/arm/arm-gnu-toolchain/bin/../lib/gcc/arm-none-eabi/6.3.1/thumb/v7e-m/crti.o
 .ARM.attributes
                0x0000001e       0x2e c:/program files (x86)/atmel/studio/7.0/toolchain/arm/arm-gnu-toolchain/bin/../lib/gcc/arm-none-eabi/6.3.1/thumb/v7e-m/crtbegin.o
 .ARM.attributes
                0x0000004c       0x37 src/ASF/sam/boards/same70_xplained/init.o
 .ARM.attributes
                0x00000083       0x37 src/ASF/sam/drivers/spi/spi.o
 .ARM.attributes
                0x000000ba       0x37 src/screen/gfx_mono_framebuffer.o
 .ARM.attributes
                0x000000f1       0x37 src/screen/gfx_mono_generic.o
 .ARM.attributes
                0x00000128       0x37 src/screen/gfx_mono_text.o
 .ARM.attributes
                0x0000015f       0x37 src/screen/gfx_mono_ug_2832hsweg04.o
 .ARM.attributes
                0x00000196       0x37 src/screen/ssd1306.o
 .ARM.attributes
                0x000001cd       0x37 src/screen/sysfont.o
 .ARM.attributes
                0x00000204       0x37 src/ASF/common/services/clock/same70/sysclk.o
 .ARM.attributes
                0x0000023b       0x37 src/ASF/common/services/delay/sam/cycle_counter.o
 .ARM.attributes
                0x00000272       0x37 src/ASF/common/utils/interrupt/interrupt_sam_nvic.o
 .ARM.attributes
                0x000002a9       0x37 src/ASF/sam/drivers/pio/pio.o
 .ARM.attributes
                0x000002e0       0x37 src/ASF/sam/drivers/pio/pio_handler.o
 .ARM.attributes
                0x00000317       0x37 src/ASF/sam/drivers/pmc/pmc.o
 .ARM.attributes
                0x0000034e       0x37 src/ASF/sam/utils/cmsis/same70/source/templates/gcc/startup_same70.o
 .ARM.attributes
                0x00000385       0x37 src/ASF/sam/utils/cmsis/same70/source/templates/system_same70.o
 .ARM.attributes
                0x000003bc       0x37 src/main.o
 .ARM.attributes
                0x000003f3       0x1e c:/program files (x86)/atmel/studio/7.0/toolchain/arm/arm-gnu-toolchain/bin/../lib/gcc/arm-none-eabi/6.3.1/thumb/v7e-m\libgcc.a(_arm_addsubdf3.o)
 .ARM.attributes
                0x00000411       0x1e c:/program files (x86)/atmel/studio/7.0/toolchain/arm/arm-gnu-toolchain/bin/../lib/gcc/arm-none-eabi/6.3.1/thumb/v7e-m\libgcc.a(_arm_muldivdf3.o)
 .ARM.attributes
                0x0000042f       0x1e c:/program files (x86)/atmel/studio/7.0/toolchain/arm/arm-gnu-toolchain/bin/../lib/gcc/arm-none-eabi/6.3.1/thumb/v7e-m\libgcc.a(_arm_cmpdf2.o)
 .ARM.attributes
                0x0000044d       0x1e c:/program files (x86)/atmel/studio/7.0/toolchain/arm/arm-gnu-toolchain/bin/../lib/gcc/arm-none-eabi/6.3.1/thumb/v7e-m\libgcc.a(_arm_fixdfsi.o)
 .ARM.attributes
                0x0000046b       0x1e c:/program files (x86)/atmel/studio/7.0/toolchain/arm/arm-gnu-toolchain/bin/../lib/gcc/arm-none-eabi/6.3.1/thumb/v7e-m\libgcc.a(_aeabi_uldivmod.o)
 .ARM.attributes
                0x00000489       0x2e c:/program files (x86)/atmel/studio/7.0/toolchain/arm/arm-gnu-toolchain/bin/../lib/gcc/arm-none-eabi/6.3.1/thumb/v7e-m\libgcc.a(_fixunsdfdi.o)
 .ARM.attributes
                0x000004b7       0x2e c:/program files (x86)/atmel/studio/7.0/toolchain/arm/arm-gnu-toolchain/bin/../lib/gcc/arm-none-eabi/6.3.1/thumb/v7e-m\libgcc.a(_udivmoddi4.o)
 .ARM.attributes
                0x000004e5       0x1e c:/program files (x86)/atmel/studio/7.0/toolchain/arm/arm-gnu-toolchain/bin/../lib/gcc/arm-none-eabi/6.3.1/thumb/v7e-m\libgcc.a(_dvmd_tls.o)
 .ARM.attributes
                0x00000503       0x1e c:/program files (x86)/atmel/studio/7.0/toolchain/arm/arm-gnu-toolchain/bin/../lib/gcc/arm-none-eabi/6.3.1/thumb/v7e-m\libgcc.a(_arm_fixunsdfsi.o)
 .ARM.attributes
                0x00000521       0x2e c:/program files (x86)/atmel/studio/7.0/toolchain/arm/arm-gnu-toolchain/bin/../lib/gcc/arm-none-eabi/6.3.1/../../../../arm-none-eabi/lib/thumb/v7e-m\libc.a(lib_a-impure.o)
 .ARM.attributes
                0x0000054f       0x2e c:/program files (x86)/atmel/studio/7.0/toolchain/arm/arm-gnu-toolchain/bin/../lib/gcc/arm-none-eabi/6.3.1/../../../../arm-none-eabi/lib/thumb/v7e-m\libc.a(lib_a-init.o)
 .ARM.attributes
                0x0000057d       0x1c c:/program files (x86)/atmel/studio/7.0/toolchain/arm/arm-gnu-toolchain/bin/../lib/gcc/arm-none-eabi/6.3.1/../../../../arm-none-eabi/lib/thumb/v7e-m\libc.a(lib_a-memcpy.o)
 .ARM.attributes
                0x00000599       0x2e c:/program files (x86)/atmel/studio/7.0/toolchain/arm/arm-gnu-toolchain/bin/../lib/gcc/arm-none-eabi/6.3.1/../../../../arm-none-eabi/lib/thumb/v7e-m\libc.a(lib_a-__call_atexit.o)
 .ARM.attributes
                0x000005c7       0x2e c:/program files (x86)/atmel/studio/7.0/toolchain/arm/arm-gnu-toolchain/bin/../lib/gcc/arm-none-eabi/6.3.1/../../../../arm-none-eabi/lib/thumb/v7e-m\libc.a(lib_a-atexit.o)
 .ARM.attributes
                0x000005f5       0x2e c:/program files (x86)/atmel/studio/7.0/toolchain/arm/arm-gnu-toolchain/bin/../lib/gcc/arm-none-eabi/6.3.1/../../../../arm-none-eabi/lib/thumb/v7e-m\libc.a(lib_a-fini.o)
 .ARM.attributes
                0x00000623       0x2e c:/program files (x86)/atmel/studio/7.0/toolchain/arm/arm-gnu-toolchain/bin/../lib/gcc/arm-none-eabi/6.3.1/../../../../arm-none-eabi/lib/thumb/v7e-m\libc.a(lib_a-lock.o)
 .ARM.attributes
                0x00000651       0x2e c:/program files (x86)/atmel/studio/7.0/toolchain/arm/arm-gnu-toolchain/bin/../lib/gcc/arm-none-eabi/6.3.1/../../../../arm-none-eabi/lib/thumb/v7e-m\libc.a(lib_a-__atexit.o)
 .ARM.attributes
                0x0000067f       0x1e c:/program files (x86)/atmel/studio/7.0/toolchain/arm/arm-gnu-toolchain/bin/../lib/gcc/arm-none-eabi/6.3.1/thumb/v7e-m/crtn.o

.comment        0x00000000       0x59
 .comment       0x00000000       0x59 src/ASF/sam/boards/same70_xplained/init.o
                                 0x5a (size before relaxing)
 .comment       0x00000059       0x5a src/ASF/sam/drivers/spi/spi.o
 .comment       0x00000059       0x5a src/screen/gfx_mono_framebuffer.o
 .comment       0x00000059       0x5a src/screen/gfx_mono_generic.o
 .comment       0x00000059       0x5a src/screen/gfx_mono_text.o
 .comment       0x00000059       0x5a src/screen/gfx_mono_ug_2832hsweg04.o
 .comment       0x00000059       0x5a src/screen/ssd1306.o
 .comment       0x00000059       0x5a src/screen/sysfont.o
 .comment       0x00000059       0x5a src/ASF/common/services/clock/same70/sysclk.o
 .comment       0x00000059       0x5a src/ASF/common/services/delay/sam/cycle_counter.o
 .comment       0x00000059       0x5a src/ASF/common/utils/interrupt/interrupt_sam_nvic.o
 .comment       0x00000059       0x5a src/ASF/sam/drivers/pio/pio.o
 .comment       0x00000059       0x5a src/ASF/sam/drivers/pio/pio_handler.o
 .comment       0x00000059       0x5a src/ASF/sam/drivers/pmc/pmc.o
 .comment       0x00000059       0x5a src/ASF/sam/utils/cmsis/same70/source/templates/gcc/startup_same70.o
 .comment       0x00000059       0x5a src/ASF/sam/utils/cmsis/same70/source/templates/system_same70.o
 .comment       0x00000059       0x5a src/main.o

.debug_info     0x00000000    0x1695a
 .debug_info    0x00000000     0x2857 src/ASF/sam/boards/same70_xplained/init.o
 .debug_info    0x00002857     0x115d src/ASF/sam/drivers/spi/spi.o
 .debug_info    0x000039b4      0xdd2 src/screen/gfx_mono_framebuffer.o
 .debug_info    0x00004786     0x157d src/screen/gfx_mono_generic.o
 .debug_info    0x00005d03      0xf6a src/screen/gfx_mono_text.o
 .debug_info    0x00006c6d     0x11a0 src/screen/gfx_mono_ug_2832hsweg04.o
 .debug_info    0x00007e0d     0x1fae src/screen/ssd1306.o
 .debug_info    0x00009dbb      0xb06 src/screen/sysfont.o
 .debug_info    0x0000a8c1     0x1267 src/ASF/common/services/clock/same70/sysclk.o
 .debug_info    0x0000bb28      0xa45 src/ASF/common/services/delay/sam/cycle_counter.o
 .debug_info    0x0000c56d      0xb01 src/ASF/common/utils/interrupt/interrupt_sam_nvic.o
 .debug_info    0x0000d06e     0x2150 src/ASF/sam/drivers/pio/pio.o
 .debug_info    0x0000f1be     0x1b22 src/ASF/sam/drivers/pio/pio_handler.o
 .debug_info    0x00010ce0     0x1dd6 src/ASF/sam/drivers/pmc/pmc.o
 .debug_info    0x00012ab6     0x156a src/ASF/sam/utils/cmsis/same70/source/templates/gcc/startup_same70.o
 .debug_info    0x00014020      0x55b src/ASF/sam/utils/cmsis/same70/source/templates/system_same70.o
 .debug_info    0x0001457b     0x23df src/main.o

.debug_abbrev   0x00000000     0x30ec
 .debug_abbrev  0x00000000      0x37e src/ASF/sam/boards/same70_xplained/init.o
 .debug_abbrev  0x0000037e      0x3a5 src/ASF/sam/drivers/spi/spi.o
 .debug_abbrev  0x00000723      0x284 src/screen/gfx_mono_framebuffer.o
 .debug_abbrev  0x000009a7      0x2a2 src/screen/gfx_mono_generic.o
 .debug_abbrev  0x00000c49      0x30a src/screen/gfx_mono_text.o
 .debug_abbrev  0x00000f53      0x34b src/screen/gfx_mono_ug_2832hsweg04.o
 .debug_abbrev  0x0000129e      0x35e src/screen/ssd1306.o
 .debug_abbrev  0x000015fc      0x1b6 src/screen/sysfont.o
 .debug_abbrev  0x000017b2      0x31f src/ASF/common/services/clock/same70/sysclk.o
 .debug_abbrev  0x00001ad1      0x1b3 src/ASF/common/services/delay/sam/cycle_counter.o
 .debug_abbrev  0x00001c84      0x212 src/ASF/common/utils/interrupt/interrupt_sam_nvic.o
 .debug_abbrev  0x00001e96      0x410 src/ASF/sam/drivers/pio/pio.o
 .debug_abbrev  0x000022a6      0x32f src/ASF/sam/drivers/pio/pio_handler.o
 .debug_abbrev  0x000025d5      0x369 src/ASF/sam/drivers/pmc/pmc.o
 .debug_abbrev  0x0000293e      0x2e4 src/ASF/sam/utils/cmsis/same70/source/templates/gcc/startup_same70.o
 .debug_abbrev  0x00002c22      0x102 src/ASF/sam/utils/cmsis/same70/source/templates/system_same70.o
 .debug_abbrev  0x00002d24      0x3c8 src/main.o

.debug_loc      0x00000000     0x568e
 .debug_loc     0x00000000      0x2d9 src/ASF/sam/boards/same70_xplained/init.o
 .debug_loc     0x000002d9      0x610 src/ASF/sam/drivers/spi/spi.o
 .debug_loc     0x000008e9      0x506 src/screen/gfx_mono_framebuffer.o
 .debug_loc     0x00000def      0xda8 src/screen/gfx_mono_generic.o
 .debug_loc     0x00001b97      0x66a src/screen/gfx_mono_text.o
 .debug_loc     0x00002201      0x6ee src/screen/gfx_mono_ug_2832hsweg04.o
 .debug_loc     0x000028ef      0x365 src/screen/ssd1306.o
 .debug_loc     0x00002c54      0x183 src/ASF/common/services/clock/same70/sysclk.o
 .debug_loc     0x00002dd7      0xea4 src/ASF/sam/drivers/pio/pio.o
 .debug_loc     0x00003c7b      0x588 src/ASF/sam/drivers/pio/pio_handler.o
 .debug_loc     0x00004203      0xce3 src/ASF/sam/drivers/pmc/pmc.o
 .debug_loc     0x00004ee6       0x77 src/ASF/sam/utils/cmsis/same70/source/templates/gcc/startup_same70.o
 .debug_loc     0x00004f5d      0x731 src/main.o

.debug_aranges  0x00000000      0x7e8
 .debug_aranges
                0x00000000       0x20 src/ASF/sam/boards/same70_xplained/init.o
 .debug_aranges
                0x00000020       0x90 src/ASF/sam/drivers/spi/spi.o
 .debug_aranges
                0x000000b0       0x58 src/screen/gfx_mono_framebuffer.o
 .debug_aranges
                0x00000108       0x58 src/screen/gfx_mono_generic.o
 .debug_aranges
                0x00000160       0x40 src/screen/gfx_mono_text.o
 .debug_aranges
                0x000001a0       0x60 src/screen/gfx_mono_ug_2832hsweg04.o
 .debug_aranges
                0x00000200       0x30 src/screen/ssd1306.o
 .debug_aranges
                0x00000230       0x18 src/screen/sysfont.o
 .debug_aranges
                0x00000248       0x40 src/ASF/common/services/clock/same70/sysclk.o
 .debug_aranges
                0x00000288       0x20 src/ASF/common/services/delay/sam/cycle_counter.o
 .debug_aranges
                0x000002a8       0x28 src/ASF/common/utils/interrupt/interrupt_sam_nvic.o
 .debug_aranges
                0x000002d0      0x1a8 src/ASF/sam/drivers/pio/pio.o
 .debug_aranges
                0x00000478       0x60 src/ASF/sam/drivers/pio/pio_handler.o
 .debug_aranges
                0x000004d8      0x250 src/ASF/sam/drivers/pmc/pmc.o
 .debug_aranges
                0x00000728       0x28 src/ASF/sam/utils/cmsis/same70/source/templates/gcc/startup_same70.o
 .debug_aranges
                0x00000750       0x30 src/ASF/sam/utils/cmsis/same70/source/templates/system_same70.o
 .debug_aranges
                0x00000780       0x68 src/main.o

.debug_ranges   0x00000000      0x868
 .debug_ranges  0x00000000       0x10 src/ASF/sam/boards/same70_xplained/init.o
 .debug_ranges  0x00000010       0x80 src/ASF/sam/drivers/spi/spi.o
 .debug_ranges  0x00000090       0x48 src/screen/gfx_mono_framebuffer.o
 .debug_ranges  0x000000d8       0x48 src/screen/gfx_mono_generic.o
 .debug_ranges  0x00000120       0x48 src/screen/gfx_mono_text.o
 .debug_ranges  0x00000168       0x80 src/screen/gfx_mono_ug_2832hsweg04.o
 .debug_ranges  0x000001e8       0x20 src/screen/ssd1306.o
 .debug_ranges  0x00000208       0x30 src/ASF/common/services/clock/same70/sysclk.o
 .debug_ranges  0x00000238       0x10 src/ASF/common/services/delay/sam/cycle_counter.o
 .debug_ranges  0x00000248       0x18 src/ASF/common/utils/interrupt/interrupt_sam_nvic.o
 .debug_ranges  0x00000260      0x2a0 src/ASF/sam/drivers/pio/pio.o
 .debug_ranges  0x00000500       0x68 src/ASF/sam/drivers/pio/pio_handler.o
 .debug_ranges  0x00000568      0x240 src/ASF/sam/drivers/pmc/pmc.o
 .debug_ranges  0x000007a8       0x18 src/ASF/sam/utils/cmsis/same70/source/templates/gcc/startup_same70.o
 .debug_ranges  0x000007c0       0x20 src/ASF/sam/utils/cmsis/same70/source/templates/system_same70.o
 .debug_ranges  0x000007e0       0x88 src/main.o

.debug_macro    0x00000000    0x20646
 .debug_macro   0x00000000      0x70c src/ASF/sam/boards/same70_xplained/init.o
 .debug_macro   0x0000070c      0x8ce src/ASF/sam/boards/same70_xplained/init.o
 .debug_macro   0x00000fda      0x16d src/ASF/sam/boards/same70_xplained/init.o
 .debug_macro   0x00001147      0x652 src/ASF/sam/boards/same70_xplained/init.o
 .debug_macro   0x00001799       0x76 src/ASF/sam/boards/same70_xplained/init.o
 .debug_macro   0x0000180f       0x16 src/ASF/sam/boards/same70_xplained/init.o
 .debug_macro   0x00001825      0x6e4 src/ASF/sam/boards/same70_xplained/init.o
 .debug_macro   0x00001f09       0x22 src/ASF/sam/boards/same70_xplained/init.o
 .debug_macro   0x00001f2b       0x87 src/ASF/sam/boards/same70_xplained/init.o
 .debug_macro   0x00001fb2       0x51 src/ASF/sam/boards/same70_xplained/init.o
 .debug_macro   0x00002003       0xef src/ASF/sam/boards/same70_xplained/init.o
 .debug_macro   0x000020f2       0x6a src/ASF/sam/boards/same70_xplained/init.o
 .debug_macro   0x0000215c      0x1df src/ASF/sam/boards/same70_xplained/init.o
 .debug_macro   0x0000233b       0x4a src/ASF/sam/boards/same70_xplained/init.o
 .debug_macro   0x00002385       0x3b src/ASF/sam/boards/same70_xplained/init.o
 .debug_macro   0x000023c0       0x2d src/ASF/sam/boards/same70_xplained/init.o
 .debug_macro   0x000023ed       0x26 src/ASF/sam/boards/same70_xplained/init.o
 .debug_macro   0x00002413      0xf9a src/ASF/sam/boards/same70_xplained/init.o
 .debug_macro   0x000033ad      0x175 src/ASF/sam/boards/same70_xplained/init.o
 .debug_macro   0x00003522      0x257 src/ASF/sam/boards/same70_xplained/init.o
 .debug_macro   0x00003779      0xa0f src/ASF/sam/boards/same70_xplained/init.o
 .debug_macro   0x00004188      0x1b9 src/ASF/sam/boards/same70_xplained/init.o
 .debug_macro   0x00004341      0x336 src/ASF/sam/boards/same70_xplained/init.o
 .debug_macro   0x00004677      0x15b src/ASF/sam/boards/same70_xplained/init.o
 .debug_macro   0x000047d2     0x1851 src/ASF/sam/boards/same70_xplained/init.o
 .debug_macro   0x00006023       0x1c src/ASF/sam/boards/same70_xplained/init.o
 .debug_macro   0x0000603f      0x68d src/ASF/sam/boards/same70_xplained/init.o
 .debug_macro   0x000066cc      0x31e src/ASF/sam/boards/same70_xplained/init.o
 .debug_macro   0x000069ea      0x4d4 src/ASF/sam/boards/same70_xplained/init.o
 .debug_macro   0x00006ebe      0x56e src/ASF/sam/boards/same70_xplained/init.o
 .debug_macro   0x0000742c     0x1332 src/ASF/sam/boards/same70_xplained/init.o
 .debug_macro   0x0000875e     0x278d src/ASF/sam/boards/same70_xplained/init.o
 .debug_macro   0x0000aeeb     0x102b src/ASF/sam/boards/same70_xplained/init.o
 .debug_macro   0x0000bf16      0xe01 src/ASF/sam/boards/same70_xplained/init.o
 .debug_macro   0x0000cd17      0x3b1 src/ASF/sam/boards/same70_xplained/init.o
 .debug_macro   0x0000d0c8       0xa0 src/ASF/sam/boards/same70_xplained/init.o
 .debug_macro   0x0000d168       0x76 src/ASF/sam/boards/same70_xplained/init.o
 .debug_macro   0x0000d1de      0x409 src/ASF/sam/boards/same70_xplained/init.o
 .debug_macro   0x0000d5e7       0x64 src/ASF/sam/boards/same70_xplained/init.o
 .debug_macro   0x0000d64b      0x284 src/ASF/sam/boards/same70_xplained/init.o
 .debug_macro   0x0000d8cf      0x1d0 src/ASF/sam/boards/same70_xplained/init.o
 .debug_macro   0x0000da9f      0x248 src/ASF/sam/boards/same70_xplained/init.o
 .debug_macro   0x0000dce7      0x524 src/ASF/sam/boards/same70_xplained/init.o
 .debug_macro   0x0000e20b      0x63b src/ASF/sam/boards/same70_xplained/init.o
 .debug_macro   0x0000e846      0x6b8 src/ASF/sam/boards/same70_xplained/init.o
 .debug_macro   0x0000eefe       0x4c src/ASF/sam/boards/same70_xplained/init.o
 .debug_macro   0x0000ef4a      0x468 src/ASF/sam/boards/same70_xplained/init.o
 .debug_macro   0x0000f3b2      0x207 src/ASF/sam/boards/same70_xplained/init.o
 .debug_macro   0x0000f5b9      0x866 src/ASF/sam/boards/same70_xplained/init.o
 .debug_macro   0x0000fe1f     0x1547 src/ASF/sam/boards/same70_xplained/init.o
 .debug_macro   0x00011366       0x40 src/ASF/sam/boards/same70_xplained/init.o
 .debug_macro   0x000113a6       0x76 src/ASF/sam/boards/same70_xplained/init.o
 .debug_macro   0x0001141c      0xdaf src/ASF/sam/boards/same70_xplained/init.o
 .debug_macro   0x000121cb       0x82 src/ASF/sam/boards/same70_xplained/init.o
 .debug_macro   0x0001224d       0x76 src/ASF/sam/boards/same70_xplained/init.o
 .debug_macro   0x000122c3       0x4c src/ASF/sam/boards/same70_xplained/init.o
 .debug_macro   0x0001230f      0x135 src/ASF/sam/boards/same70_xplained/init.o
 .debug_macro   0x00012444      0x135 src/ASF/sam/boards/same70_xplained/init.o
 .debug_macro   0x00012579      0x135 src/ASF/sam/boards/same70_xplained/init.o
 .debug_macro   0x000126ae       0x6a src/ASF/sam/boards/same70_xplained/init.o
 .debug_macro   0x00012718       0x6a src/ASF/sam/boards/same70_xplained/init.o
 .debug_macro   0x00012782      0x313 src/ASF/sam/boards/same70_xplained/init.o
 .debug_macro   0x00012a95       0xb2 src/ASF/sam/boards/same70_xplained/init.o
 .debug_macro   0x00012b47       0xb2 src/ASF/sam/boards/same70_xplained/init.o
 .debug_macro   0x00012bf9       0xb2 src/ASF/sam/boards/same70_xplained/init.o
 .debug_macro   0x00012cab      0x11d src/ASF/sam/boards/same70_xplained/init.o
 .debug_macro   0x00012dc8      0x11d src/ASF/sam/boards/same70_xplained/init.o
 .debug_macro   0x00012ee5      0x2cd src/ASF/sam/boards/same70_xplained/init.o
 .debug_macro   0x000131b2       0xb8 src/ASF/sam/boards/same70_xplained/init.o
 .debug_macro   0x0001326a       0x5e src/ASF/sam/boards/same70_xplained/init.o
 .debug_macro   0x000132c8       0x40 src/ASF/sam/boards/same70_xplained/init.o
 .debug_macro   0x00013308       0x4c src/ASF/sam/boards/same70_xplained/init.o
 .debug_macro   0x00013354       0xa0 src/ASF/sam/boards/same70_xplained/init.o
 .debug_macro   0x000133f4      0x494 src/ASF/sam/boards/same70_xplained/init.o
 .debug_macro   0x00013888      0x135 src/ASF/sam/boards/same70_xplained/init.o
 .debug_macro   0x000139bd       0x4c src/ASF/sam/boards/same70_xplained/init.o
 .debug_macro   0x00013a09      0x313 src/ASF/sam/boards/same70_xplained/init.o
 .debug_macro   0x00013d1c       0x6a src/ASF/sam/boards/same70_xplained/init.o
 .debug_macro   0x00013d86       0xb8 src/ASF/sam/boards/same70_xplained/init.o
 .debug_macro   0x00013e3e       0x6a src/ASF/sam/boards/same70_xplained/init.o
 .debug_macro   0x00013ea8       0x2e src/ASF/sam/boards/same70_xplained/init.o
 .debug_macro   0x00013ed6      0x9b1 src/ASF/sam/boards/same70_xplained/init.o
 .debug_macro   0x00014887       0x6a src/ASF/sam/boards/same70_xplained/init.o
 .debug_macro   0x000148f1       0x88 src/ASF/sam/boards/same70_xplained/init.o
 .debug_macro   0x00014979       0x58 src/ASF/sam/boards/same70_xplained/init.o
 .debug_macro   0x000149d1       0xe2 src/ASF/sam/boards/same70_xplained/init.o
 .debug_macro   0x00014ab3       0x16 src/ASF/sam/boards/same70_xplained/init.o
 .debug_macro   0x00014ac9       0xe2 src/ASF/sam/boards/same70_xplained/init.o
 .debug_macro   0x00014bab       0x4c src/ASF/sam/boards/same70_xplained/init.o
 .debug_macro   0x00014bf7       0x16 src/ASF/sam/boards/same70_xplained/init.o
 .debug_macro   0x00014c0d       0x4c src/ASF/sam/boards/same70_xplained/init.o
 .debug_macro   0x00014c59       0x2e src/ASF/sam/boards/same70_xplained/init.o
 .debug_macro   0x00014c87      0x1b5 src/ASF/sam/boards/same70_xplained/init.o
 .debug_macro   0x00014e3c      0x1b5 src/ASF/sam/boards/same70_xplained/init.o
 .debug_macro   0x00014ff1      0x1b5 src/ASF/sam/boards/same70_xplained/init.o
 .debug_macro   0x000151a6      0x1b5 src/ASF/sam/boards/same70_xplained/init.o
 .debug_macro   0x0001535b      0x1b5 src/ASF/sam/boards/same70_xplained/init.o
 .debug_macro   0x00015510       0x1c src/ASF/sam/boards/same70_xplained/init.o
 .debug_macro   0x0001552c       0x2e src/ASF/sam/boards/same70_xplained/init.o
 .debug_macro   0x0001555a       0x22 src/ASF/sam/boards/same70_xplained/init.o
 .debug_macro   0x0001557c       0x1c src/ASF/sam/boards/same70_xplained/init.o
 .debug_macro   0x00015598       0x52 src/ASF/sam/boards/same70_xplained/init.o
 .debug_macro   0x000155ea       0x10 src/ASF/sam/boards/same70_xplained/init.o
 .debug_macro   0x000155fa       0x1c src/ASF/sam/boards/same70_xplained/init.o
 .debug_macro   0x00015616       0x4c src/ASF/sam/boards/same70_xplained/init.o
 .debug_macro   0x00015662       0x4c src/ASF/sam/boards/same70_xplained/init.o
 .debug_macro   0x000156ae       0x4c src/ASF/sam/boards/same70_xplained/init.o
 .debug_macro   0x000156fa      0x31b src/ASF/sam/boards/same70_xplained/init.o
 .debug_macro   0x00015a15     0x1022 src/ASF/sam/boards/same70_xplained/init.o
 .debug_macro   0x00016a37      0x100 src/ASF/sam/boards/same70_xplained/init.o
 .debug_macro   0x00016b37       0x58 src/ASF/sam/boards/same70_xplained/init.o
 .debug_macro   0x00016b8f       0x35 src/ASF/sam/boards/same70_xplained/init.o
 .debug_macro   0x00016bc4       0x9c src/ASF/sam/boards/same70_xplained/init.o
 .debug_macro   0x00016c60       0x16 src/ASF/sam/boards/same70_xplained/init.o
 .debug_macro   0x00016c76       0x35 src/ASF/sam/boards/same70_xplained/init.o
 .debug_macro   0x00016cab      0x353 src/ASF/sam/boards/same70_xplained/init.o
 .debug_macro   0x00016ffe       0x10 src/ASF/sam/boards/same70_xplained/init.o
 .debug_macro   0x0001700e       0x58 src/ASF/sam/boards/same70_xplained/init.o
 .debug_macro   0x00017066       0x1f src/ASF/sam/boards/same70_xplained/init.o
 .debug_macro   0x00017085       0x43 src/ASF/sam/boards/same70_xplained/init.o
 .debug_macro   0x000170c8       0x20 src/ASF/sam/boards/same70_xplained/init.o
 .debug_macro   0x000170e8      0x187 src/ASF/sam/boards/same70_xplained/init.o
 .debug_macro   0x0001726f       0x10 src/ASF/sam/boards/same70_xplained/init.o
 .debug_macro   0x0001727f       0x1c src/ASF/sam/boards/same70_xplained/init.o
 .debug_macro   0x0001729b       0x52 src/ASF/sam/boards/same70_xplained/init.o
 .debug_macro   0x000172ed       0x40 src/ASF/sam/boards/same70_xplained/init.o
 .debug_macro   0x0001732d       0x10 src/ASF/sam/boards/same70_xplained/init.o
 .debug_macro   0x0001733d       0x40 src/ASF/sam/boards/same70_xplained/init.o
 .debug_macro   0x0001737d       0xd7 src/ASF/sam/boards/same70_xplained/init.o
 .debug_macro   0x00017454       0x16 src/ASF/sam/boards/same70_xplained/init.o
 .debug_macro   0x0001746a      0x18b src/ASF/sam/boards/same70_xplained/init.o
 .debug_macro   0x000175f5       0x22 src/ASF/sam/boards/same70_xplained/init.o
 .debug_macro   0x00017617       0x16 src/ASF/sam/boards/same70_xplained/init.o
 .debug_macro   0x0001762d       0x16 src/ASF/sam/boards/same70_xplained/init.o
 .debug_macro   0x00017643       0x29 src/ASF/sam/boards/same70_xplained/init.o
 .debug_macro   0x0001766c       0x75 src/ASF/sam/boards/same70_xplained/init.o
 .debug_macro   0x000176e1       0x3f src/ASF/sam/boards/same70_xplained/init.o
 .debug_macro   0x00017720      0x3ca src/ASF/sam/boards/same70_xplained/init.o
 .debug_macro   0x00017aea      0x2bf src/ASF/sam/boards/same70_xplained/init.o
 .debug_macro   0x00017da9      0x8d6 src/ASF/sam/boards/same70_xplained/init.o
 .debug_macro   0x0001867f       0x40 src/ASF/sam/boards/same70_xplained/init.o
 .debug_macro   0x000186bf       0x3a src/ASF/sam/boards/same70_xplained/init.o
 .debug_macro   0x000186f9       0x70 src/ASF/sam/boards/same70_xplained/init.o
 .debug_macro   0x00018769       0x64 src/ASF/sam/boards/same70_xplained/init.o
 .debug_macro   0x000187cd       0x5f src/ASF/sam/boards/same70_xplained/init.o
 .debug_macro   0x0001882c       0xac src/ASF/sam/boards/same70_xplained/init.o
 .debug_macro   0x000188d8       0x82 src/ASF/sam/boards/same70_xplained/init.o
 .debug_macro   0x0001895a       0x94 src/ASF/sam/boards/same70_xplained/init.o
 .debug_macro   0x000189ee      0x6d9 src/ASF/sam/drivers/spi/spi.o
 .debug_macro   0x000190c7       0x10 src/ASF/sam/drivers/spi/spi.o
 .debug_macro   0x000190d7      0x7c5 src/screen/gfx_mono_framebuffer.o
 .debug_macro   0x0001989c       0x50 src/screen/gfx_mono_framebuffer.o
 .debug_macro   0x000198ec       0x22 src/screen/gfx_mono_framebuffer.o
 .debug_macro   0x0001990e       0x7b src/screen/gfx_mono_framebuffer.o
 .debug_macro   0x00019989       0x28 src/screen/gfx_mono_framebuffer.o
 .debug_macro   0x000199b1       0x23 src/screen/gfx_mono_framebuffer.o
 .debug_macro   0x000199d4       0x40 src/screen/gfx_mono_framebuffer.o
 .debug_macro   0x00019a14       0x88 src/screen/gfx_mono_framebuffer.o
 .debug_macro   0x00019a9c      0x1ce src/screen/gfx_mono_framebuffer.o
 .debug_macro   0x00019c6a       0x34 src/screen/gfx_mono_framebuffer.o
 .debug_macro   0x00019c9e       0x16 src/screen/gfx_mono_framebuffer.o
 .debug_macro   0x00019cb4       0x1c src/screen/gfx_mono_framebuffer.o
 .debug_macro   0x00019cd0       0x16 src/screen/gfx_mono_framebuffer.o
 .debug_macro   0x00019ce6       0xd1 src/screen/gfx_mono_framebuffer.o
 .debug_macro   0x00019db7       0x8b src/screen/gfx_mono_framebuffer.o
 .debug_macro   0x00019e42      0x7c5 src/screen/gfx_mono_generic.o
 .debug_macro   0x0001a607      0x7de src/screen/gfx_mono_text.o
 .debug_macro   0x0001ade5       0x52 src/screen/gfx_mono_text.o
 .debug_macro   0x0001ae37       0x8d src/screen/gfx_mono_text.o
 .debug_macro   0x0001aec4       0x16 src/screen/gfx_mono_text.o
 .debug_macro   0x0001aeda       0x57 src/screen/gfx_mono_text.o
 .debug_macro   0x0001af31       0x1c src/screen/gfx_mono_text.o
 .debug_macro   0x0001af4d      0x7c9 src/screen/gfx_mono_ug_2832hsweg04.o
 .debug_macro   0x0001b716       0x28 src/screen/gfx_mono_ug_2832hsweg04.o
 .debug_macro   0x0001b73e      0x79f src/screen/ssd1306.o
 .debug_macro   0x0001bedd      0x69c src/screen/sysfont.o
 .debug_macro   0x0001c579       0x3a src/screen/sysfont.o
 .debug_macro   0x0001c5b3      0x6d1 src/ASF/common/services/clock/same70/sysclk.o
 .debug_macro   0x0001cc84      0x2b9 src/ASF/common/services/clock/same70/sysclk.o
 .debug_macro   0x0001cf3d      0x665 src/ASF/common/services/delay/sam/cycle_counter.o
 .debug_macro   0x0001d5a2       0x22 src/ASF/common/services/delay/sam/cycle_counter.o
 .debug_macro   0x0001d5c4      0x655 src/ASF/common/utils/interrupt/interrupt_sam_nvic.o
 .debug_macro   0x0001dc19      0x66b src/ASF/sam/drivers/pio/pio.o
 .debug_macro   0x0001e284       0x8e src/ASF/sam/drivers/pio/pio.o
 .debug_macro   0x0001e312      0x676 src/ASF/sam/drivers/pio/pio_handler.o
 .debug_macro   0x0001e988      0x66b src/ASF/sam/drivers/pmc/pmc.o
 .debug_macro   0x0001eff3       0x6a src/ASF/sam/drivers/pmc/pmc.o
 .debug_macro   0x0001f05d      0x664 src/ASF/sam/utils/cmsis/same70/source/templates/gcc/startup_same70.o
 .debug_macro   0x0001f6c1       0x10 src/ASF/sam/utils/cmsis/same70/source/templates/gcc/startup_same70.o
 .debug_macro   0x0001f6d1      0x455 src/ASF/sam/utils/cmsis/same70/source/templates/system_same70.o
 .debug_macro   0x0001fb26      0x83e src/main.o
 .debug_macro   0x00020364       0xb2 src/main.o
 .debug_macro   0x00020416      0x220 src/main.o
 .debug_macro   0x00020636       0x10 src/main.o

.debug_line     0x00000000     0xd668
 .debug_line    0x00000000      0xc92 src/ASF/sam/boards/same70_xplained/init.o
 .debug_line    0x00000c92      0xc41 src/ASF/sam/drivers/spi/spi.o
 .debug_line    0x000018d3      0xe1f src/screen/gfx_mono_framebuffer.o
 .debug_line    0x000026f2      0xed3 src/screen/gfx_mono_generic.o
 .debug_line    0x000035c5      0xe2d src/screen/gfx_mono_text.o
 .debug_line    0x000043f2      0xea7 src/screen/gfx_mono_ug_2832hsweg04.o
 .debug_line    0x00005299      0xdfc src/screen/ssd1306.o
 .debug_line    0x00006095      0xa1d src/screen/sysfont.o
 .debug_line    0x00006ab2      0xb4f src/ASF/common/services/clock/same70/sysclk.o
 .debug_line    0x00007601      0x9ed src/ASF/common/services/delay/sam/cycle_counter.o
 .debug_line    0x00007fee      0xa01 src/ASF/common/utils/interrupt/interrupt_sam_nvic.o
 .debug_line    0x000089ef      0xee3 src/ASF/sam/drivers/pio/pio.o
 .debug_line    0x000098d2      0xabf src/ASF/sam/drivers/pio/pio_handler.o
 .debug_line    0x0000a391     0x1064 src/ASF/sam/drivers/pmc/pmc.o
 .debug_line    0x0000b3f5      0xa73 src/ASF/sam/utils/cmsis/same70/source/templates/gcc/startup_same70.o
 .debug_line    0x0000be68      0x7e7 src/ASF/sam/utils/cmsis/same70/source/templates/system_same70.o
 .debug_line    0x0000c64f     0x1019 src/main.o

.debug_str      0x00000000    0x8f911
 .debug_str     0x00000000    0x863e3 src/ASF/sam/boards/same70_xplained/init.o
                              0x86ba3 (size before relaxing)
 .debug_str     0x000863e3      0x412 src/ASF/sam/drivers/spi/spi.o
                              0x85dd1 (size before relaxing)
 .debug_str     0x000867f5     0x2478 src/screen/gfx_mono_framebuffer.o
                              0x884fc (size before relaxing)
 .debug_str     0x00088c6d      0x25e src/screen/gfx_mono_generic.o
                              0x88640 (size before relaxing)
 .debug_str     0x00088ecb      0x268 src/screen/gfx_mono_text.o
                              0x8861b (size before relaxing)
 .debug_str     0x00089133      0x11e src/screen/gfx_mono_ug_2832hsweg04.o
                              0x885dc (size before relaxing)
 .debug_str     0x00089251      0x241 src/screen/ssd1306.o
                              0x88214 (size before relaxing)
 .debug_str     0x00089492     0x3ee3 src/screen/sysfont.o
                              0x860a6 (size before relaxing)
 .debug_str     0x0008d375      0x3f1 src/ASF/common/services/clock/same70/sysclk.o
                              0x85e55 (size before relaxing)
 .debug_str     0x0008d766       0x35 src/ASF/common/services/delay/sam/cycle_counter.o
                              0x81fd8 (size before relaxing)
 .debug_str     0x0008d79b       0x94 src/ASF/common/utils/interrupt/interrupt_sam_nvic.o
                              0x81ea8 (size before relaxing)
 .debug_str     0x0008d82f      0x550 src/ASF/sam/drivers/pio/pio.o
                              0x829fe (size before relaxing)
 .debug_str     0x0008dd7f      0x437 src/ASF/sam/drivers/pio/pio_handler.o
                              0x82b20 (size before relaxing)
 .debug_str     0x0008e1b6      0x690 src/ASF/sam/drivers/pmc/pmc.o
                              0x82b53 (size before relaxing)
 .debug_str     0x0008e846      0x647 src/ASF/sam/utils/cmsis/same70/source/templates/gcc/startup_same70.o
                              0x82675 (size before relaxing)
 .debug_str     0x0008ee8d      0x137 src/ASF/sam/utils/cmsis/same70/source/templates/system_same70.o
                              0x72800 (size before relaxing)
 .debug_str     0x0008efc4      0x94d src/main.o
                              0x8d470 (size before relaxing)

.debug_frame    0x00000000     0x1650
 .debug_frame   0x00000000       0x34 src/ASF/sam/boards/same70_xplained/init.o
 .debug_frame   0x00000034      0x140 src/ASF/sam/drivers/spi/spi.o
 .debug_frame   0x00000174       0xdc src/screen/gfx_mono_framebuffer.o
 .debug_frame   0x00000250      0x168 src/screen/gfx_mono_generic.o
 .debug_frame   0x000003b8       0xc8 src/screen/gfx_mono_text.o
 .debug_frame   0x00000480      0x124 src/screen/gfx_mono_ug_2832hsweg04.o
 .debug_frame   0x000005a4       0x6c src/screen/ssd1306.o
 .debug_frame   0x00000610       0x88 src/ASF/common/services/clock/same70/sysclk.o
 .debug_frame   0x00000698       0x20 src/ASF/common/services/delay/sam/cycle_counter.o
 .debug_frame   0x000006b8       0x30 src/ASF/common/utils/interrupt/interrupt_sam_nvic.o
 .debug_frame   0x000006e8      0x390 src/ASF/sam/drivers/pio/pio.o
 .debug_frame   0x00000a78      0x110 src/ASF/sam/drivers/pio/pio_handler.o
 .debug_frame   0x00000b88      0x494 src/ASF/sam/drivers/pmc/pmc.o
 .debug_frame   0x0000101c       0x38 src/ASF/sam/utils/cmsis/same70/source/templates/gcc/startup_same70.o
 .debug_frame   0x00001054       0x40 src/ASF/sam/utils/cmsis/same70/source/templates/system_same70.o
 .debug_frame   0x00001094      0x168 src/main.o
 .debug_frame   0x000011fc       0xac c:/program files (x86)/atmel/studio/7.0/toolchain/arm/arm-gnu-toolchain/bin/../lib/gcc/arm-none-eabi/6.3.1/thumb/v7e-m\libgcc.a(_arm_addsubdf3.o)
 .debug_frame   0x000012a8       0x50 c:/program files (x86)/atmel/studio/7.0/toolchain/arm/arm-gnu-toolchain/bin/../lib/gcc/arm-none-eabi/6.3.1/thumb/v7e-m\libgcc.a(_arm_muldivdf3.o)
 .debug_frame   0x000012f8       0xc4 c:/program files (x86)/atmel/studio/7.0/toolchain/arm/arm-gnu-toolchain/bin/../lib/gcc/arm-none-eabi/6.3.1/thumb/v7e-m\libgcc.a(_arm_cmpdf2.o)
 .debug_frame   0x000013bc       0x24 c:/program files (x86)/atmel/studio/7.0/toolchain/arm/arm-gnu-toolchain/bin/../lib/gcc/arm-none-eabi/6.3.1/thumb/v7e-m\libgcc.a(_arm_fixdfsi.o)
 .debug_frame   0x000013e0       0x2c c:/program files (x86)/atmel/studio/7.0/toolchain/arm/arm-gnu-toolchain/bin/../lib/gcc/arm-none-eabi/6.3.1/thumb/v7e-m\libgcc.a(_aeabi_uldivmod.o)
 .debug_frame   0x0000140c       0x2c c:/program files (x86)/atmel/studio/7.0/toolchain/arm/arm-gnu-toolchain/bin/../lib/gcc/arm-none-eabi/6.3.1/thumb/v7e-m\libgcc.a(_fixunsdfdi.o)
 .debug_frame   0x00001438       0x34 c:/program files (x86)/atmel/studio/7.0/toolchain/arm/arm-gnu-toolchain/bin/../lib/gcc/arm-none-eabi/6.3.1/thumb/v7e-m\libgcc.a(_udivmoddi4.o)
 .debug_frame   0x0000146c       0x24 c:/program files (x86)/atmel/studio/7.0/toolchain/arm/arm-gnu-toolchain/bin/../lib/gcc/arm-none-eabi/6.3.1/thumb/v7e-m\libgcc.a(_arm_fixunsdfsi.o)
 .debug_frame   0x00001490       0x2c c:/program files (x86)/atmel/studio/7.0/toolchain/arm/arm-gnu-toolchain/bin/../lib/gcc/arm-none-eabi/6.3.1/../../../../arm-none-eabi/lib/thumb/v7e-m\libc.a(lib_a-init.o)
 .debug_frame   0x000014bc       0x5c c:/program files (x86)/atmel/studio/7.0/toolchain/arm/arm-gnu-toolchain/bin/../lib/gcc/arm-none-eabi/6.3.1/../../../../arm-none-eabi/lib/thumb/v7e-m\libc.a(lib_a-__call_atexit.o)
 .debug_frame   0x00001518       0x20 c:/program files (x86)/atmel/studio/7.0/toolchain/arm/arm-gnu-toolchain/bin/../lib/gcc/arm-none-eabi/6.3.1/../../../../arm-none-eabi/lib/thumb/v7e-m\libc.a(lib_a-atexit.o)
 .debug_frame   0x00001538       0x34 c:/program files (x86)/atmel/studio/7.0/toolchain/arm/arm-gnu-toolchain/bin/../lib/gcc/arm-none-eabi/6.3.1/../../../../arm-none-eabi/lib/thumb/v7e-m\libc.a(lib_a-fini.o)
 .debug_frame   0x0000156c       0xb0 c:/program files (x86)/atmel/studio/7.0/toolchain/arm/arm-gnu-toolchain/bin/../lib/gcc/arm-none-eabi/6.3.1/../../../../arm-none-eabi/lib/thumb/v7e-m\libc.a(lib_a-lock.o)
 .debug_frame   0x0000161c       0x34 c:/program files (x86)/atmel/studio/7.0/toolchain/arm/arm-gnu-toolchain/bin/../lib/gcc/arm-none-eabi/6.3.1/../../../../arm-none-eabi/lib/thumb/v7e-m\libc.a(lib_a-__atexit.o)

Cross Reference Table

Symbol                                            File
ACC_Handler                                       src/ASF/sam/utils/cmsis/same70/source/templates/gcc/startup_same70.o
AES_Handler                                       src/ASF/sam/utils/cmsis/same70/source/templates/gcc/startup_same70.o
AFEC0_Handler                                     src/ASF/sam/utils/cmsis/same70/source/templates/gcc/startup_same70.o
AFEC1_Handler                                     src/ASF/sam/utils/cmsis/same70/source/templates/gcc/startup_same70.o
BusFault_Handler                                  src/ASF/sam/utils/cmsis/same70/source/templates/gcc/startup_same70.o
DACC_Handler                                      src/ASF/sam/utils/cmsis/same70/source/templates/gcc/startup_same70.o
DebugMon_Handler                                  src/ASF/sam/utils/cmsis/same70/source/templates/gcc/startup_same70.o
Dummy_Handler                                     src/ASF/sam/utils/cmsis/same70/source/templates/gcc/startup_same70.o
EFC_Handler                                       src/ASF/sam/utils/cmsis/same70/source/templates/gcc/startup_same70.o
GMAC_Handler                                      src/ASF/sam/utils/cmsis/same70/source/templates/gcc/startup_same70.o
HSMCI_Handler                                     src/ASF/sam/utils/cmsis/same70/source/templates/gcc/startup_same70.o
HardFault_Handler                                 src/ASF/sam/utils/cmsis/same70/source/templates/gcc/startup_same70.o
ICM_Handler                                       src/ASF/sam/utils/cmsis/same70/source/templates/gcc/startup_same70.o
ISI_Handler                                       src/ASF/sam/utils/cmsis/same70/source/templates/gcc/startup_same70.o
MCAN0_Handler                                     src/ASF/sam/utils/cmsis/same70/source/templates/gcc/startup_same70.o
MCAN1_Handler                                     src/ASF/sam/utils/cmsis/same70/source/templates/gcc/startup_same70.o
MemManage_Handler                                 src/ASF/sam/utils/cmsis/same70/source/templates/gcc/startup_same70.o
NMI_Handler                                       src/ASF/sam/utils/cmsis/same70/source/templates/gcc/startup_same70.o
PIOA_Handler                                      src/ASF/sam/drivers/pio/pio_handler.o
PIOB_Handler                                      src/ASF/sam/drivers/pio/pio_handler.o
PIOC_Handler                                      src/ASF/sam/drivers/pio/pio_handler.o
PIOD_Handler                                      src/ASF/sam/drivers/pio/pio_handler.o
PIOE_Handler                                      src/ASF/sam/drivers/pio/pio_handler.o
PMC_Handler                                       src/ASF/sam/utils/cmsis/same70/source/templates/gcc/startup_same70.o
PWM0_Handler                                      src/ASF/sam/utils/cmsis/same70/source/templates/gcc/startup_same70.o
PWM1_Handler                                      src/ASF/sam/utils/cmsis/same70/source/templates/gcc/startup_same70.o
PendSV_Handler                                    src/ASF/sam/utils/cmsis/same70/source/templates/gcc/startup_same70.o
QSPI_Handler                                      src/ASF/sam/utils/cmsis/same70/source/templates/gcc/startup_same70.o
RSTC_Handler                                      src/ASF/sam/utils/cmsis/same70/source/templates/gcc/startup_same70.o
RSWDT_Handler                                     src/ASF/sam/utils/cmsis/same70/source/templates/gcc/startup_same70.o
RTC_Handler                                       src/ASF/sam/utils/cmsis/same70/source/templates/gcc/startup_same70.o
RTT_Handler                                       src/ASF/sam/utils/cmsis/same70/source/templates/gcc/startup_same70.o
Reset_Handler                                     src/ASF/sam/utils/cmsis/same70/source/templates/gcc/startup_same70.o
SDRAMC_Handler                                    src/ASF/sam/utils/cmsis/same70/source/templates/gcc/startup_same70.o
SPI0_Handler                                      src/ASF/sam/utils/cmsis/same70/source/templates/gcc/startup_same70.o
SPI1_Handler                                      src/ASF/sam/utils/cmsis/same70/source/templates/gcc/startup_same70.o
SSC_Handler                                       src/ASF/sam/utils/cmsis/same70/source/templates/gcc/startup_same70.o
SUPC_Handler                                      src/ASF/sam/utils/cmsis/same70/source/templates/gcc/startup_same70.o
SVC_Handler                                       src/ASF/sam/utils/cmsis/same70/source/templates/gcc/startup_same70.o
SysTick_Handler                                   src/ASF/sam/utils/cmsis/same70/source/templates/gcc/startup_same70.o
SystemCoreClock                                   src/ASF/sam/utils/cmsis/same70/source/templates/system_same70.o
SystemCoreClockUpdate                             src/ASF/sam/utils/cmsis/same70/source/templates/system_same70.o
                                                  src/ASF/common/services/clock/same70/sysclk.o
SystemInit                                        src/ASF/sam/utils/cmsis/same70/source/templates/system_same70.o
TC0_Handler                                       src/ASF/sam/utils/cmsis/same70/source/templates/gcc/startup_same70.o
TC10_Handler                                      src/ASF/sam/utils/cmsis/same70/source/templates/gcc/startup_same70.o
TC11_Handler                                      src/ASF/sam/utils/cmsis/same70/source/templates/gcc/startup_same70.o
TC1_Handler                                       src/ASF/sam/utils/cmsis/same70/source/templates/gcc/startup_same70.o
TC2_Handler                                       src/ASF/sam/utils/cmsis/same70/source/templates/gcc/startup_same70.o
TC3_Handler                                       src/ASF/sam/utils/cmsis/same70/source/templates/gcc/startup_same70.o
TC4_Handler                                       src/ASF/sam/utils/cmsis/same70/source/templates/gcc/startup_same70.o
TC5_Handler                                       src/ASF/sam/utils/cmsis/same70/source/templates/gcc/startup_same70.o
TC6_Handler                                       src/ASF/sam/utils/cmsis/same70/source/templates/gcc/startup_same70.o
TC7_Handler                                       src/ASF/sam/utils/cmsis/same70/source/templates/gcc/startup_same70.o
TC8_Handler                                       src/ASF/sam/utils/cmsis/same70/source/templates/gcc/startup_same70.o
TC9_Handler                                       src/ASF/sam/utils/cmsis/same70/source/templates/gcc/startup_same70.o
TRNG_Handler                                      src/ASF/sam/utils/cmsis/same70/source/templates/gcc/startup_same70.o
TWIHS0_Handler                                    src/ASF/sam/utils/cmsis/same70/source/templates/gcc/startup_same70.o
TWIHS1_Handler                                    src/ASF/sam/utils/cmsis/same70/source/templates/gcc/startup_same70.o
TWIHS2_Handler                                    src/ASF/sam/utils/cmsis/same70/source/templates/gcc/startup_same70.o
UART0_Handler                                     src/ASF/sam/utils/cmsis/same70/source/templates/gcc/startup_same70.o
UART1_Handler                                     src/ASF/sam/utils/cmsis/same70/source/templates/gcc/startup_same70.o
UART2_Handler                                     src/ASF/sam/utils/cmsis/same70/source/templates/gcc/startup_same70.o
UART3_Handler                                     src/ASF/sam/utils/cmsis/same70/source/templates/gcc/startup_same70.o
UART4_Handler                                     src/ASF/sam/utils/cmsis/same70/source/templates/gcc/startup_same70.o
USART0_Handler                                    src/ASF/sam/utils/cmsis/same70/source/templates/gcc/startup_same70.o
USART1_Handler                                    src/ASF/sam/utils/cmsis/same70/source/templates/gcc/startup_same70.o
USART2_Handler                                    src/ASF/sam/utils/cmsis/same70/source/templates/gcc/startup_same70.o
USBHS_Handler                                     src/ASF/sam/utils/cmsis/same70/source/templates/gcc/startup_same70.o
UsageFault_Handler                                src/ASF/sam/utils/cmsis/same70/source/templates/gcc/startup_same70.o
WDT_Handler                                       src/ASF/sam/utils/cmsis/same70/source/templates/gcc/startup_same70.o
XDMAC_Handler                                     src/ASF/sam/utils/cmsis/same70/source/templates/gcc/startup_same70.o
_Jv_RegisterClasses                               c:/program files (x86)/atmel/studio/7.0/toolchain/arm/arm-gnu-toolchain/bin/../lib/gcc/arm-none-eabi/6.3.1/thumb/v7e-m/crtbegin.o
__adddf3                                          c:/program files (x86)/atmel/studio/7.0/toolchain/arm/arm-gnu-toolchain/bin/../lib/gcc/arm-none-eabi/6.3.1/thumb/v7e-m\libgcc.a(_arm_addsubdf3.o)
__aeabi_cdcmpeq                                   c:/program files (x86)/atmel/studio/7.0/toolchain/arm/arm-gnu-toolchain/bin/../lib/gcc/arm-none-eabi/6.3.1/thumb/v7e-m\libgcc.a(_arm_cmpdf2.o)
__aeabi_cdcmple                                   c:/program files (x86)/atmel/studio/7.0/toolchain/arm/arm-gnu-toolchain/bin/../lib/gcc/arm-none-eabi/6.3.1/thumb/v7e-m\libgcc.a(_arm_cmpdf2.o)
__aeabi_cdrcmple                                  c:/program files (x86)/atmel/studio/7.0/toolchain/arm/arm-gnu-toolchain/bin/../lib/gcc/arm-none-eabi/6.3.1/thumb/v7e-m\libgcc.a(_arm_cmpdf2.o)
__aeabi_d2iz                                      c:/program files (x86)/atmel/studio/7.0/toolchain/arm/arm-gnu-toolchain/bin/../lib/gcc/arm-none-eabi/6.3.1/thumb/v7e-m\libgcc.a(_arm_fixdfsi.o)
                                                  src/main.o
__aeabi_d2uiz                                     c:/program files (x86)/atmel/studio/7.0/toolchain/arm/arm-gnu-toolchain/bin/../lib/gcc/arm-none-eabi/6.3.1/thumb/v7e-m\libgcc.a(_arm_fixunsdfsi.o)
                                                  c:/program files (x86)/atmel/studio/7.0/toolchain/arm/arm-gnu-toolchain/bin/../lib/gcc/arm-none-eabi/6.3.1/thumb/v7e-m\libgcc.a(_fixunsdfdi.o)
__aeabi_d2ulz                                     c:/program files (x86)/atmel/studio/7.0/toolchain/arm/arm-gnu-toolchain/bin/../lib/gcc/arm-none-eabi/6.3.1/thumb/v7e-m\libgcc.a(_fixunsdfdi.o)
                                                  src/main.o
__aeabi_dadd                                      c:/program files (x86)/atmel/studio/7.0/toolchain/arm/arm-gnu-toolchain/bin/../lib/gcc/arm-none-eabi/6.3.1/thumb/v7e-m\libgcc.a(_arm_addsubdf3.o)
__aeabi_dcmpeq                                    c:/program files (x86)/atmel/studio/7.0/toolchain/arm/arm-gnu-toolchain/bin/../lib/gcc/arm-none-eabi/6.3.1/thumb/v7e-m\libgcc.a(_arm_cmpdf2.o)
                                                  src/main.o
__aeabi_dcmpge                                    c:/program files (x86)/atmel/studio/7.0/toolchain/arm/arm-gnu-toolchain/bin/../lib/gcc/arm-none-eabi/6.3.1/thumb/v7e-m\libgcc.a(_arm_cmpdf2.o)
__aeabi_dcmpgt                                    c:/program files (x86)/atmel/studio/7.0/toolchain/arm/arm-gnu-toolchain/bin/../lib/gcc/arm-none-eabi/6.3.1/thumb/v7e-m\libgcc.a(_arm_cmpdf2.o)
__aeabi_dcmple                                    c:/program files (x86)/atmel/studio/7.0/toolchain/arm/arm-gnu-toolchain/bin/../lib/gcc/arm-none-eabi/6.3.1/thumb/v7e-m\libgcc.a(_arm_cmpdf2.o)
__aeabi_dcmplt                                    c:/program files (x86)/atmel/studio/7.0/toolchain/arm/arm-gnu-toolchain/bin/../lib/gcc/arm-none-eabi/6.3.1/thumb/v7e-m\libgcc.a(_arm_cmpdf2.o)
__aeabi_ddiv                                      c:/program files (x86)/atmel/studio/7.0/toolchain/arm/arm-gnu-toolchain/bin/../lib/gcc/arm-none-eabi/6.3.1/thumb/v7e-m\libgcc.a(_arm_muldivdf3.o)
                                                  src/main.o
__aeabi_dmul                                      c:/program files (x86)/atmel/studio/7.0/toolchain/arm/arm-gnu-toolchain/bin/../lib/gcc/arm-none-eabi/6.3.1/thumb/v7e-m\libgcc.a(_arm_muldivdf3.o)
                                                  c:/program files (x86)/atmel/studio/7.0/toolchain/arm/arm-gnu-toolchain/bin/../lib/gcc/arm-none-eabi/6.3.1/thumb/v7e-m\libgcc.a(_fixunsdfdi.o)
                                                  src/main.o
__aeabi_drsub                                     c:/program files (x86)/atmel/studio/7.0/toolchain/arm/arm-gnu-toolchain/bin/../lib/gcc/arm-none-eabi/6.3.1/thumb/v7e-m\libgcc.a(_arm_addsubdf3.o)
__aeabi_dsub                                      c:/program files (x86)/atmel/studio/7.0/toolchain/arm/arm-gnu-toolchain/bin/../lib/gcc/arm-none-eabi/6.3.1/thumb/v7e-m\libgcc.a(_arm_addsubdf3.o)
                                                  c:/program files (x86)/atmel/studio/7.0/toolchain/arm/arm-gnu-toolchain/bin/../lib/gcc/arm-none-eabi/6.3.1/thumb/v7e-m\libgcc.a(_fixunsdfdi.o)
__aeabi_f2d                                       c:/program files (x86)/atmel/studio/7.0/toolchain/arm/arm-gnu-toolchain/bin/../lib/gcc/arm-none-eabi/6.3.1/thumb/v7e-m\libgcc.a(_arm_addsubdf3.o)
__aeabi_i2d                                       c:/program files (x86)/atmel/studio/7.0/toolchain/arm/arm-gnu-toolchain/bin/../lib/gcc/arm-none-eabi/6.3.1/thumb/v7e-m\libgcc.a(_arm_addsubdf3.o)
                                                  src/main.o
__aeabi_idiv0                                     c:/program files (x86)/atmel/studio/7.0/toolchain/arm/arm-gnu-toolchain/bin/../lib/gcc/arm-none-eabi/6.3.1/thumb/v7e-m\libgcc.a(_dvmd_tls.o)
__aeabi_l2d                                       c:/program files (x86)/atmel/studio/7.0/toolchain/arm/arm-gnu-toolchain/bin/../lib/gcc/arm-none-eabi/6.3.1/thumb/v7e-m\libgcc.a(_arm_addsubdf3.o)
__aeabi_ldiv0                                     c:/program files (x86)/atmel/studio/7.0/toolchain/arm/arm-gnu-toolchain/bin/../lib/gcc/arm-none-eabi/6.3.1/thumb/v7e-m\libgcc.a(_dvmd_tls.o)
                                                  c:/program files (x86)/atmel/studio/7.0/toolchain/arm/arm-gnu-toolchain/bin/../lib/gcc/arm-none-eabi/6.3.1/thumb/v7e-m\libgcc.a(_aeabi_uldivmod.o)
__aeabi_ui2d                                      c:/program files (x86)/atmel/studio/7.0/toolchain/arm/arm-gnu-toolchain/bin/../lib/gcc/arm-none-eabi/6.3.1/thumb/v7e-m\libgcc.a(_arm_addsubdf3.o)
                                                  c:/program files (x86)/atmel/studio/7.0/toolchain/arm/arm-gnu-toolchain/bin/../lib/gcc/arm-none-eabi/6.3.1/thumb/v7e-m\libgcc.a(_fixunsdfdi.o)
__aeabi_ul2d                                      c:/program files (x86)/atmel/studio/7.0/toolchain/arm/arm-gnu-toolchain/bin/../lib/gcc/arm-none-eabi/6.3.1/thumb/v7e-m\libgcc.a(_arm_addsubdf3.o)
__aeabi_uldivmod                                  c:/program files (x86)/atmel/studio/7.0/toolchain/arm/arm-gnu-toolchain/bin/../lib/gcc/arm-none-eabi/6.3.1/thumb/v7e-m\libgcc.a(_aeabi_uldivmod.o)
                                                  src/main.o
__atexit_recursive_mutex                          c:/program files (x86)/atmel/studio/7.0/toolchain/arm/arm-gnu-toolchain/bin/../lib/gcc/arm-none-eabi/6.3.1/../../../../arm-none-eabi/lib/thumb/v7e-m\libc.a(lib_a-__call_atexit.o)
                                                  c:/program files (x86)/atmel/studio/7.0/toolchain/arm/arm-gnu-toolchain/bin/../lib/gcc/arm-none-eabi/6.3.1/../../../../arm-none-eabi/lib/thumb/v7e-m\libc.a(lib_a-__atexit.o)
__bss_end__                                       c:/program files (x86)/atmel/studio/7.0/toolchain/arm/arm-gnu-toolchain/bin/../lib/gcc/arm-none-eabi/6.3.1/../../../../arm-none-eabi/lib/thumb/v7e-m/crt0.o
__bss_start__                                     c:/program files (x86)/atmel/studio/7.0/toolchain/arm/arm-gnu-toolchain/bin/../lib/gcc/arm-none-eabi/6.3.1/../../../../arm-none-eabi/lib/thumb/v7e-m/crt0.o
__call_exitprocs                                  c:/program files (x86)/atmel/studio/7.0/toolchain/arm/arm-gnu-toolchain/bin/../lib/gcc/arm-none-eabi/6.3.1/../../../../arm-none-eabi/lib/thumb/v7e-m\libc.a(lib_a-__call_atexit.o)
                                                  c:/program files (x86)/atmel/studio/7.0/toolchain/arm/arm-gnu-toolchain/bin/../lib/gcc/arm-none-eabi/6.3.1/../../../../arm-none-eabi/lib/thumb/v7e-m\libc.a(lib_a-exit.o)
__cmpdf2                                          c:/program files (x86)/atmel/studio/7.0/toolchain/arm/arm-gnu-toolchain/bin/../lib/gcc/arm-none-eabi/6.3.1/thumb/v7e-m\libgcc.a(_arm_cmpdf2.o)
__deregister_frame_info                           c:/program files (x86)/atmel/studio/7.0/toolchain/arm/arm-gnu-toolchain/bin/../lib/gcc/arm-none-eabi/6.3.1/thumb/v7e-m/crtbegin.o
__divdf3                                          c:/program files (x86)/atmel/studio/7.0/toolchain/arm/arm-gnu-toolchain/bin/../lib/gcc/arm-none-eabi/6.3.1/thumb/v7e-m\libgcc.a(_arm_muldivdf3.o)
__dso_handle                                      c:/program files (x86)/atmel/studio/7.0/toolchain/arm/arm-gnu-toolchain/bin/../lib/gcc/arm-none-eabi/6.3.1/thumb/v7e-m/crtbegin.o
__eqdf2                                           c:/program files (x86)/atmel/studio/7.0/toolchain/arm/arm-gnu-toolchain/bin/../lib/gcc/arm-none-eabi/6.3.1/thumb/v7e-m\libgcc.a(_arm_cmpdf2.o)
__extendsfdf2                                     c:/program files (x86)/atmel/studio/7.0/toolchain/arm/arm-gnu-toolchain/bin/../lib/gcc/arm-none-eabi/6.3.1/thumb/v7e-m\libgcc.a(_arm_addsubdf3.o)
__fini_array_end                                  c:/program files (x86)/atmel/studio/7.0/toolchain/arm/arm-gnu-toolchain/bin/../lib/gcc/arm-none-eabi/6.3.1/../../../../arm-none-eabi/lib/thumb/v7e-m\libc.a(lib_a-fini.o)
__fini_array_start                                c:/program files (x86)/atmel/studio/7.0/toolchain/arm/arm-gnu-toolchain/bin/../lib/gcc/arm-none-eabi/6.3.1/../../../../arm-none-eabi/lib/thumb/v7e-m\libc.a(lib_a-fini.o)
__fixdfsi                                         c:/program files (x86)/atmel/studio/7.0/toolchain/arm/arm-gnu-toolchain/bin/../lib/gcc/arm-none-eabi/6.3.1/thumb/v7e-m\libgcc.a(_arm_fixdfsi.o)
__fixunsdfdi                                      c:/program files (x86)/atmel/studio/7.0/toolchain/arm/arm-gnu-toolchain/bin/../lib/gcc/arm-none-eabi/6.3.1/thumb/v7e-m\libgcc.a(_fixunsdfdi.o)
__fixunsdfsi                                      c:/program files (x86)/atmel/studio/7.0/toolchain/arm/arm-gnu-toolchain/bin/../lib/gcc/arm-none-eabi/6.3.1/thumb/v7e-m\libgcc.a(_arm_fixunsdfsi.o)
__floatdidf                                       c:/program files (x86)/atmel/studio/7.0/toolchain/arm/arm-gnu-toolchain/bin/../lib/gcc/arm-none-eabi/6.3.1/thumb/v7e-m\libgcc.a(_arm_addsubdf3.o)
__floatsidf                                       c:/program files (x86)/atmel/studio/7.0/toolchain/arm/arm-gnu-toolchain/bin/../lib/gcc/arm-none-eabi/6.3.1/thumb/v7e-m\libgcc.a(_arm_addsubdf3.o)
__floatundidf                                     c:/program files (x86)/atmel/studio/7.0/toolchain/arm/arm-gnu-toolchain/bin/../lib/gcc/arm-none-eabi/6.3.1/thumb/v7e-m\libgcc.a(_arm_addsubdf3.o)
__floatunsidf                                     c:/program files (x86)/atmel/studio/7.0/toolchain/arm/arm-gnu-toolchain/bin/../lib/gcc/arm-none-eabi/6.3.1/thumb/v7e-m\libgcc.a(_arm_addsubdf3.o)
__gedf2                                           c:/program files (x86)/atmel/studio/7.0/toolchain/arm/arm-gnu-toolchain/bin/../lib/gcc/arm-none-eabi/6.3.1/thumb/v7e-m\libgcc.a(_arm_cmpdf2.o)
__gtdf2                                           c:/program files (x86)/atmel/studio/7.0/toolchain/arm/arm-gnu-toolchain/bin/../lib/gcc/arm-none-eabi/6.3.1/thumb/v7e-m\libgcc.a(_arm_cmpdf2.o)
__init_array_end                                  c:/program files (x86)/atmel/studio/7.0/toolchain/arm/arm-gnu-toolchain/bin/../lib/gcc/arm-none-eabi/6.3.1/../../../../arm-none-eabi/lib/thumb/v7e-m\libc.a(lib_a-init.o)
__init_array_start                                c:/program files (x86)/atmel/studio/7.0/toolchain/arm/arm-gnu-toolchain/bin/../lib/gcc/arm-none-eabi/6.3.1/../../../../arm-none-eabi/lib/thumb/v7e-m\libc.a(lib_a-init.o)
__ledf2                                           c:/program files (x86)/atmel/studio/7.0/toolchain/arm/arm-gnu-toolchain/bin/../lib/gcc/arm-none-eabi/6.3.1/thumb/v7e-m\libgcc.a(_arm_cmpdf2.o)
__libc_fini                                       c:/program files (x86)/atmel/studio/7.0/toolchain/arm/arm-gnu-toolchain/bin/../lib/gcc/arm-none-eabi/6.3.1/../../../../arm-none-eabi/lib/thumb/v7e-m\libc.a(lib_a-__call_atexit.o)
__libc_fini_array                                 c:/program files (x86)/atmel/studio/7.0/toolchain/arm/arm-gnu-toolchain/bin/../lib/gcc/arm-none-eabi/6.3.1/../../../../arm-none-eabi/lib/thumb/v7e-m\libc.a(lib_a-fini.o)
                                                  c:/program files (x86)/atmel/studio/7.0/toolchain/arm/arm-gnu-toolchain/bin/../lib/gcc/arm-none-eabi/6.3.1/../../../../arm-none-eabi/lib/thumb/v7e-m\libc.a(lib_a-__call_atexit.o)
                                                  c:/program files (x86)/atmel/studio/7.0/toolchain/arm/arm-gnu-toolchain/bin/../lib/gcc/arm-none-eabi/6.3.1/../../../../arm-none-eabi/lib/thumb/v7e-m/crt0.o
__libc_init_array                                 c:/program files (x86)/atmel/studio/7.0/toolchain/arm/arm-gnu-toolchain/bin/../lib/gcc/arm-none-eabi/6.3.1/../../../../arm-none-eabi/lib/thumb/v7e-m\libc.a(lib_a-init.o)
                                                  src/ASF/sam/utils/cmsis/same70/source/templates/gcc/startup_same70.o
                                                  c:/program files (x86)/atmel/studio/7.0/toolchain/arm/arm-gnu-toolchain/bin/../lib/gcc/arm-none-eabi/6.3.1/../../../../arm-none-eabi/lib/thumb/v7e-m/crt0.o
__lock___arc4random_mutex                         c:/program files (x86)/atmel/studio/7.0/toolchain/arm/arm-gnu-toolchain/bin/../lib/gcc/arm-none-eabi/6.3.1/../../../../arm-none-eabi/lib/thumb/v7e-m\libc.a(lib_a-lock.o)
__lock___at_quick_exit_mutex                      c:/program files (x86)/atmel/studio/7.0/toolchain/arm/arm-gnu-toolchain/bin/../lib/gcc/arm-none-eabi/6.3.1/../../../../arm-none-eabi/lib/thumb/v7e-m\libc.a(lib_a-lock.o)
__lock___atexit_recursive_mutex                   c:/program files (x86)/atmel/studio/7.0/toolchain/arm/arm-gnu-toolchain/bin/../lib/gcc/arm-none-eabi/6.3.1/../../../../arm-none-eabi/lib/thumb/v7e-m\libc.a(lib_a-lock.o)
                                                  c:/program files (x86)/atmel/studio/7.0/toolchain/arm/arm-gnu-toolchain/bin/../lib/gcc/arm-none-eabi/6.3.1/../../../../arm-none-eabi/lib/thumb/v7e-m\libc.a(lib_a-__call_atexit.o)
__lock___dd_hash_mutex                            c:/program files (x86)/atmel/studio/7.0/toolchain/arm/arm-gnu-toolchain/bin/../lib/gcc/arm-none-eabi/6.3.1/../../../../arm-none-eabi/lib/thumb/v7e-m\libc.a(lib_a-lock.o)
__lock___env_recursive_mutex                      c:/program files (x86)/atmel/studio/7.0/toolchain/arm/arm-gnu-toolchain/bin/../lib/gcc/arm-none-eabi/6.3.1/../../../../arm-none-eabi/lib/thumb/v7e-m\libc.a(lib_a-lock.o)
__lock___malloc_recursive_mutex                   c:/program files (x86)/atmel/studio/7.0/toolchain/arm/arm-gnu-toolchain/bin/../lib/gcc/arm-none-eabi/6.3.1/../../../../arm-none-eabi/lib/thumb/v7e-m\libc.a(lib_a-lock.o)
__lock___sfp_recursive_mutex                      c:/program files (x86)/atmel/studio/7.0/toolchain/arm/arm-gnu-toolchain/bin/../lib/gcc/arm-none-eabi/6.3.1/../../../../arm-none-eabi/lib/thumb/v7e-m\libc.a(lib_a-lock.o)
__lock___sinit_recursive_mutex                    c:/program files (x86)/atmel/studio/7.0/toolchain/arm/arm-gnu-toolchain/bin/../lib/gcc/arm-none-eabi/6.3.1/../../../../arm-none-eabi/lib/thumb/v7e-m\libc.a(lib_a-lock.o)
__lock___tz_mutex                                 c:/program files (x86)/atmel/studio/7.0/toolchain/arm/arm-gnu-toolchain/bin/../lib/gcc/arm-none-eabi/6.3.1/../../../../arm-none-eabi/lib/thumb/v7e-m\libc.a(lib_a-lock.o)
__ltdf2                                           c:/program files (x86)/atmel/studio/7.0/toolchain/arm/arm-gnu-toolchain/bin/../lib/gcc/arm-none-eabi/6.3.1/thumb/v7e-m\libgcc.a(_arm_cmpdf2.o)
__muldf3                                          c:/program files (x86)/atmel/studio/7.0/toolchain/arm/arm-gnu-toolchain/bin/../lib/gcc/arm-none-eabi/6.3.1/thumb/v7e-m\libgcc.a(_arm_muldivdf3.o)
__nedf2                                           c:/program files (x86)/atmel/studio/7.0/toolchain/arm/arm-gnu-toolchain/bin/../lib/gcc/arm-none-eabi/6.3.1/thumb/v7e-m\libgcc.a(_arm_cmpdf2.o)